1 138
3 8
5 4
7 2
11 3
13 1
14 3
20 254
21 2
23 4
24 2
25 2
30 1
31 2
32 1
38 2
40 5
41 1
44 1
48 161
49 3
54 4
57 3
59 5
62 1
63 2
65 5
73 3
79 1
81 4
83 4
86 1
89 1
92 2
95 2
98 3
99 5
100 2
109 2
114 9
116 2
119 2
122 1
123 1
126 6
130 4
141 2
146 5
149 2
154 10
158 2
162 1
164 1
172 2
173 4
174 1
176 8
177 7
178 1
188 1
190 1
191 3
192 1
194 1
195 5
197 1
198 2
201 38
202 1
204 2
207 2
209 2
211 1
215 1
220 2
225 3
228 2
229 1
238 3
239 309
240 1
243 4
246 1
248 5
250 1
252 6
257 4
259 4
264 1
265 2
267 1
272 5
278 6
279 1
281 2
284 3
286 6
290 6
293 6
300 3
308 2
312 4
313 1
315 1
317 4
320 1
323 3
324 2
325 4
326 604
327 1
331 6
332 3
333 1
336 565
340 6
344 5
345 1
347 1
350 4
354 1
356 3
358 6
359 4
360 2
361 4
364 2
371 1
374 2
375 1
376 2
380 3
382 4
383 1
384 1
390 2
394 4
395 256
403 2
415 1
421 1
424 3
427 1
431 1
435 1
436 3
439 2
440 5
443 1
455 3
460 1
467 1
469 4
474 1
475 5
477 1
479 3
480 4
481 7
483 6
485 4
489 1
491 3
493 6
494 3
496 1
499 3
502 2
511 1
512 1
513 2
515 5
522 1
526 2
533 3
534 1
536 1
541 1
543 1
544 4
546 5
549 1
551 2
554 6
557 1
558 5
559 8
560 3
561 2
562 2
564 2
567 1
568 6
570 4
571 1
575 1
579 5
583 2
584 5
585 2
588 3
589 1
590 2
593 4
596 3
597 4
600 1
601 4
603 1
610 1
612 6
615 4
616 292
622 1
623 1
625 2
632 1
643 1
648 1
653 3
658 3
663 3
668 7
669 4
677 2
680 2
681 5
688 3
699 2
700 1
707 1
709 1
710 2
712 1
713 1
718 4
721 1
724 3
725 1
726 2
727 4
728 1
730 6
740 1
741 5
744 4
748 3
749 4
751 2
753 1
754 1
763 2
776 1
779 2
780 4
784 4
785 1
788 1
789 1
792 3
794 2
795 3
796 4
799 1
800 4
802 1
805 5
809 2
811 8
814 3
815 5
818 2
819 2
820 1
823 4
825 2
828 1
834 6
843 2
844 4
848 3
851 6
856 1
861 4
864 5
865 3
887 1
893 1
894 4
896 3
897 3
907 1
914 1
917 1
921 7
923 1
925 5
927 1
929 3
932 3
934 1
937 2
944 6
945 4
946 7
951 1
954 7
956 1
962 2
965 1
966 2
969 5
970 4
971 3
973 1
977 1
981 1
982 2
985 1
986 2
988 5
990 3
991 5
992 5
997 1
1002 3
1004 1
1010 3
1012 3
1013 1
1014 4
1017 2
1019 3
1021 2
1022 1
1023 1
1025 2
1028 5
1031 2
1033 4
1040 2
1043 1
1044 2
1048 432
1054 1
1055 1
1056 1
1058 3
1061 1
1062 4
1067 1
1069 4
1071 1
1078 4
1088 2
1089 1
1091 3
1096 1
1103 3
1107 4
1113 5
1115 1
1118 3
1121 3
1128 4
1129 2
1130 3
1132 3
1136 1
1137 2
1140 4
1141 2
1142 1
1143 5
1145 3
1150 1
1152 3
1154 3
1155 3
1156 3
1158 2
1162 8
1163 2
1185 4
1189 1
1192 6
1193 4
1197 6
1200 616
1201 2
1204 1
1206 337
1208 4
1211 1
1212 1
1213 1
1216 6
1219 2
1222 6
1224 1
1225 3
1226 569
1227 2
1231 2
1232 1
1234 1
1236 4
1237 3
1240 3
1243 56
1246 6
1247 1
1249 5
1251 1
1252 6
1254 3
1256 2
1259 4
1261 1
1262 2
1263 1
1264 1
1268 2
1271 1
1275 1
1278 1
1279 3
1283 1
1284 2
1291 1
1295 6
1296 2
1299 2
1300 1
1305 258
1313 3
1315 2
1319 2
1321 2
1322 1
1324 3
1338 2
1339 5
1341 2
1345 2
1353 4
1355 4
1357 1
1361 3
1364 4
1369 1
1374 7
1384 1
1387 556
1389 1
1390 4
1391 5
1393 2
1394 3
1396 1
1397 2
1399 2
1401 81
1402 2
1403 1
1404 1
1412 5
1414 3
1417 473
1418 1
1421 4
1424 2
1425 2
1426 2
1431 4
1433 4
1434 1
1436 1
1438 2
1442 1
1443 6
1445 2
1448 1
1449 4
1453 454
1459 6
1463 1
1464 1
1465 1
1467 2
1472 3
1473 1
1474 2
1476 1
1477 4
1484 1
1486 2
1488 1
1491 2
1493 3
1494 1
1497 4
1499 3
1500 6
1512 1
1520 5
1523 1
1533 3
1534 3
1535 1
1536 406
1539 2
1542 3
1543 1
1544 1
1546 8
1548 2
1553 8
1555 1
1558 6
1567 4
1568 4
1569 4
1570 4
1572 3
1573 6
1577 4
1578 2
1580 5
1582 1
1588 1
1589 2
1592 1
1593 1
1594 1
1596 3
1598 2
1600 234
1601 1
1603 3
1611 1
1612 1
1620 5
1623 3
1626 5
1627 2
1629 1
1631 4
1632 7
1633 1
1640 5
1641 7
1650 1
1656 2
1658 2
1662 2
1666 8
1667 1
1669 2
1678 4
1680 1
1681 4
1683 4
1686 2
1688 5
1689 2
1691 5
1694 1
1697 5
1698 6
1711 2
1716 1
1717 6
1718 4
1723 5
1730 5
1734 3
1735 3
1736 1
1738 5
1743 4
1744 1
1745 3
1747 1
1750 3
1753 1
1754 2
1755 2
1760 8
1762 2
1763 1
1764 1
1771 1
1776 1
1779 1
1783 2
1789 7
1790 4
1791 5
1797 1
1802 1
1803 2
1810 1
1811 33
1815 2
1817 3
1819 3
1821 5
1825 5
1829 5
1832 2
1833 5
1834 1
1836 8
1842 1
1843 3
1844 1
1845 1
1847 2
1849 4
1850 2
1853 2
1859 5
1872 2
1877 5
1879 4
1880 2
1881 1
1883 1
1894 2
1895 2
1897 1
1899 2
1900 8
1901 5
1904 4
1906 6
1909 67
1911 1
1913 8
1914 4
1917 3
1918 1
1919 3
1923 2
1925 2
1927 1
1929 1
1930 4
1931 2
1934 3
1935 1
1937 1
1939 1
1941 1
1942 3
1943 1
1944 5
1957 3
1961 524
1962 4
1964 2
1970 1
1973 3
1975 1
1976 1
1977 1
1986 2
1987 1
1988 7
1994 1
2000 3
2008 2
2009 1
2011 3
2014 1
2015 12
2026 3
2029 1
2030 6
2031 1
2033 1
2034 4
2036 1
2037 2
2041 1
2047 2
2048 2
2049 2
2050 2
2053 3
2056 2
2057 2
2061 1
2063 2
2069 2
2071 5
2073 4
2074 2
2075 1
2079 2
2082 4
2083 2
2086 4
2087 5
2088 3
2090 5
2093 5
2097 3
2102 3
2103 2
2104 6
2107 2
2109 1
2110 5
2111 6
2113 1
2114 114
2123 4
2128 7
2135 2
2139 5
2141 3
2144 7
2148 5
2150 5
2154 6
2158 5
2164 4
2165 2
2166 6
2167 528
2170 3
2172 3
2173 1
2177 6
2178 1
2188 1
2191 5
2192 1
2194 1
2195 5
2196 2
2198 2
2199 1
2200 1
2202 1
2206 3
2211 2
2214 2
2215 1
2217 1
2218 1
2225 1
2226 4
2227 2
2231 3
2239 1
2243 3
2244 2
2248 3
2251 3
2256 2
2261 3
2266 582
2272 2
2275 1
2276 5
2277 3
2278 3
2281 2
2289 1
2294 1
2295 1
2296 2
2297 1
2304 1
2309 1
2314 6
2315 7
2318 6
2322 2
2326 1
2327 6
2334 518
2340 2
2341 2
2349 2
2352 3
2353 1
2356 3
2358 2
2368 3
2369 1
2374 4
2376 6
2379 4
2381 3
2382 4
2387 4
2390 4
2394 4
2395 6
2405 3
2407 1
2410 2
2411 4
2413 1
2415 7
2418 1
2423 2
2426 2
2428 1
2430 5
2434 3
2438 5
2444 7
2448 6
2454 1
2458 4
2468 6
2469 1
2470 1
2471 5
2476 222
2481 3
2483 2
2486 2
2490 1
2498 1
2499 6
2500 2
2501 1
2507 3
2508 4
2509 5
2512 1
2516 6
2519 1
2520 2
2522 4
2526 3
2533 1
2536 2
2538 4
2546 1
2550 4
2552 6
2553 3
2559 3
2564 2
2565 4
2576 4
2577 7
2578 2
2582 4
2583 1
2587 4
2588 5
2590 1
2593 1
2598 169
2600 5
2602 3
2604 2
2610 3
2611 3
2614 2
2621 4
2625 1
2628 2
2629 1
2631 1
2634 3
2638 1
2640 2
2642 2
2643 7
2647 2
2648 2
2650 1
2654 1
2656 1
2657 1
2663 2
2664 1
2670 5
2671 3
2673 1
2678 4
2680 1
2689 1
2691 1
2693 1
2694 1
2695 3
2697 3
2699 1
2700 1
2704 1
2706 3
2708 3
2712 2
2718 3
2719 3
2721 363
2722 3
2726 5
2730 1
2731 2
2732 2
2735 2
2738 1
2741 2
2743 1
2749 2
2751 1
2753 2
2756 3
2760 2
2764 2
2765 3
2766 7
2769 2
2773 1
2778 4
2779 5
2780 379
2783 358
2785 2
2790 4
2792 2
2797 3
2798 1
2804 1
2811 1
2813 6
2814 8
2817 2
2818 2
2820 2
2821 4
2822 2
2826 4
2827 2
2828 3
2832 2
2835 4
2836 2
2837 3
2841 1
2843 442
2846 1
2853 8
2859 1
2860 2
2862 3
2865 4
2866 3
2873 2
2875 1
2882 1
2883 1
2885 5
2886 5
2887 7
2889 1
2890 5
2893 331
2900 1
2911 1
2914 5
2915 1
2923 2
2928 2
2932 5
2933 7
2935 1
2939 2
2942 1
2943 1
2945 1
2946 3
2948 1
2949 2
2951 3
2953 3
2954 3
2963 2
2964 3
2965 3
2967 1
2973 2
2976 6
2978 2
2986 1
2988 3
2991 1
2996 2
2997 1
3001 1
3002 5
3005 2
3007 1
3016 3
3019 187
3020 2
3026 1
3027 1
3030 6
3031 1
3033 2
3035 3
3039 1
3041 4
3042 2
3043 2
3057 4
3058 3
3059 3
3060 3
3062 2
3063 1
3065 3
3072 1
3078 1
3079 1
3082 6
3083 2
3087 2
3088 1
3091 2
3092 6
3094 1
3098 1
3100 3
3103 6
3104 6
3105 1
3109 2
3111 5
3117 432
3118 1
3122 5
3123 4
3125 4
3131 2
3134 1
3136 2
3139 5
3142 2
3143 1
3147 1
3148 3
3153 1
3155 5
3157 2
3158 2
3166 6
3168 1
3174 3
3177 1
3185 4
3191 4
3202 1
3205 5
3206 1
3208 4
3213 2
3214 6
3217 3
3220 2
3221 6
3222 3
3223 2
3226 2
3230 3
3234 2
3240 4
3242 3
3246 6
3249 1
3251 2
3256 3
3257 1
3258 3
3262 1
3264 4
3266 1
3267 1
3268 1
3272 7
3278 3
3283 2
3293 5
3294 6
3295 5
3296 2
3302 3
3314 2
3315 4
3316 5
3318 4
3321 4
3324 1
3325 3
3326 1
3327 6
3332 1
3334 4
3336 1
3337 1
3338 4
3340 2
3341 7
3344 10
3345 1
3348 5
3349 7
3351 1
3356 7
3357 2
3358 5
3361 3
3368 1
3371 621
3379 4
3380 4
3386 2
3390 5
3394 1
3397 2
3400 6
3401 1
3404 2
3406 4
3413 3
3415 2
3416 1
3426 6
3427 2
3435 2
3436 2
3450 1
3453 4
3458 1
3459 2
3461 222
3465 5
3467 4
3468 1
3471 3
3472 2
3475 1
3482 2
3487 3
3489 3
3491 3
3495 5
3497 4
3499 3
3503 5
3506 2
3507 3
3508 432
3509 1
3512 2
3513 1
3519 2
3525 2
3527 436
3531 6
3533 2
3534 2
3536 2
3541 6
3546 6
3547 4
3549 3
3552 2
3553 4
3555 2
3561 1
3568 3
3569 4
3570 4
3572 3
3575 1
3578 711
3582 5
3583 1
3584 2
3586 2
3591 3
3594 2
3597 2
3601 1
3603 4
3608 1
3611 2
3614 1
3617 1
3621 4
3629 1
3630 2
3633 5
3639 5
3645 4
3650 5
3653 2
3654 1
3655 6
3656 1
3657 1
3658 2
3659 1
3660 3
3661 7
3662 8
3664 4
3665 3
3667 1
3669 2
3675 5
3677 543
3686 1
3687 4
3688 2
3689 2
3693 4
3694 1
3699 1
3702 2
3704 6
3707 2
3712 2
3716 6
3720 4
3721 621
3725 4
3728 4
3729 4
3730 374
3731 1
3734 1
3738 2
3744 3
3746 1
3749 4
3750 3
3751 2
3754 5
3769 1
3770 7
3777 1
3778 2
3779 2
3781 1
3782 1
3783 2
3785 2
3786 2
3788 2
3790 2
3792 3
3794 1
3797 1
3800 2
3807 2
3810 544
3816 1
3817 3
3820 3
3821 4
3822 6
3826 49
3827 2
3829 1
3833 3
3835 9
3838 5
3842 7
3850 3
3854 1
3860 3
3863 1
3864 4
3866 1
3869 4
3871 2
3875 3
3876 4
3880 6
3881 6
3886 4
3891 2
3897 7
3898 5
3901 1
3902 75
3904 4
3907 8
3910 2
3911 1
3912 2
3913 6
3918 2
3920 1
3922 1
3923 3
3925 3
3935 2
3937 1
3943 5
3952 1
3953 1
3956 2
3960 5
3961 4
3964 212
3965 1
3966 4
3967 1
3973 4
3976 4
3979 4
3981 1
3991 2
3993 2
3995 1
4000 1
4001 1
4005 1
4006 2
4007 1
4008 4
4010 1
4013 1
4017 1
4019 3
4023 1
4028 6
4030 5
4031 4
4032 3
4037 148
4038 1
4040 4
4042 3
4046 3
4049 5
4050 1
4055 2
4057 3
4058 1
4062 345
4065 2
4068 4
4075 3
4077 8
4078 3
4083 3
4087 4
4088 6
4089 3
4092 1
4101 3
4102 1
4107 3
4112 327
4115 4
4117 2
4121 394
4122 7
4124 1
4126 5
4136 5
4156 2
4161 1
4164 1
4165 2
4167 3
4168 3
4169 3
4170 3
4172 3
4176 8
4179 3
4181 3
4185 3
4187 3
4189 2
4191 3
4194 4
4196 2
4197 1
4203 202
4207 1
4209 1
4210 5
4212 2
4215 2
4218 4
4220 5
4223 1
4226 4
4227 2
4228 1
4232 3
4233 3
4238 4
4239 6
4247 1
4248 1
4249 3
4250 3
4252 3
4253 1
4255 2
4257 7
4260 3
4263 2
4264 2
4266 3
4270 1
4271 1
4273 1
4275 3
4276 7
4280 1
4282 1
4283 1
4284 3
4286 1
4291 1
4294 3
4295 5
4296 2
4299 5
4300 6
4301 1
4303 2
4304 6
4308 6
4309 4
4315 4
4316 4
4319 1
4328 2
4330 1
4331 2
4332 1
4333 8
4334 2
4340 2
4341 168
4342 3
4343 4
4346 2
4347 2
4348 1
4354 1
4355 2
4356 1
4357 4
4364 4
4366 1
4367 4
4371 3
4374 2
4375 3
4376 1
4380 1
4384 1
4385 4
4387 4
4389 3
4391 4
4392 6
4393 3
4394 1
4398 3
4403 1
4404 2
4405 2
4407 4
4414 2
4417 45
4418 1
4419 2
4420 3
4423 2
4424 3
4430 1
4433 1
4434 6
4436 2
4443 1
4446 2
4448 2
4449 3
4451 2
4453 1
4457 3
4462 1
4465 3
4466 4
4471 2
4474 3
4476 3
4479 1
4480 8
4482 1
4485 1
4487 2
4491 4
4492 2
4498 3
4499 2
4500 4
4504 4
4505 1
4508 2
4510 2
4511 1
4512 4
4521 291
4530 2
4532 2
4538 3
4539 1
4541 2
4544 3
4548 1
4553 3
4555 2
4557 3
4559 3
4560 4
4563 1
4564 2
4569 3
4571 1
4572 2
4575 3
4577 4
4578 2
4583 3
4584 5
4585 1
4587 188
4590 1
4594 4
4598 1
4599 277
4603 4
4607 1
4614 9
4617 3
4618 1
4620 1
4626 1
4628 5
4629 1
4631 1
4636 32
4637 3
4638 4
4639 65
4642 2
4643 3
4644 3
4648 2
4651 5
4654 2
4663 1
4664 1
4666 2
4670 7
4671 4
4672 6
4675 3
4679 1
4684 1
4686 2
4689 5
4690 2
4691 1
4692 8
4696 3
4699 2
4700 1
4701 6
4703 3
4706 1
4713 1
4715 2
4716 3
4729 8
4735 1
4737 2
4739 6
4741 3
4754 3
4755 2
4765 3
4768 2
4771 1
4772 3
4773 5
4774 1
4775 1
4778 6
4779 4
4780 1
4781 4
4785 3
4791 1
4795 1
4797 3
4798 3
4802 1
4803 2
4806 1
4809 1
4811 1
4813 2
4814 1
4815 3
4821 7
4828 2
4832 3
4835 4
4836 3
4837 4
4842 1
4844 3
4846 2
4847 3
4850 1
4851 1
4854 2
4865 2
4873 2
4876 2
4879 5
4882 1
4884 5
4885 1
4886 6
4890 4
4892 4
4904 1
4906 1
4907 3
4908 1
4910 2
4914 1
4915 6
4918 2
4919 1
4920 5
4927 1
4929 1
4936 1
4943 1
4944 1
4946 2
4949 1
4951 5
4956 4
4972 4
4974 1
4975 1
4978 2
4982 392
4992 3
4994 2
4995 3
5010 4
5017 1
5020 1
5025 3
5026 1
5028 4
5039 1
5040 1
5042 2
5051 2
5053 4
5058 3
5059 3
5065 8
5067 6
5068 8
5071 5
5072 1
5076 1
5085 5
5086 1
5088 8
5091 7
5093 3
5096 1
5097 430
5100 1
5102 1
5104 3
5106 3
5111 8
5112 1
5114 2
5116 3
5120 1
5122 8
5123 7
5124 1
5126 2
5131 2
5135 5
5136 4
5137 4
5140 4
5144 2
5145 2
5153 5
5158 4
5160 1
5162 8
5172 5
5185 1
5186 3
5189 1
5194 6
5195 1
5197 3
5198 1
5203 3
5204 3
5209 3
5212 1
5214 3
5215 1
5219 4
5220 4
5223 2
5224 1
5226 1
5228 4
5238 2
5239 3
5240 2
5243 1
5245 3
5252 4
5254 1
5255 3
5257 1
5258 1
5260 3
5263 1
5267 4
5277 2
5278 1
5281 4
5283 1
5285 1
5287 1
5290 2
5293 5
5296 3
5298 3
5301 1
5302 2
5303 8
5304 2
5305 4
5309 1
5313 3
5314 2
5318 1
5330 1
5331 2
5341 2
5343 6
5345 4
5346 2
5352 3
5353 2
5354 2
5356 2
5358 1
5359 3
5366 3
5370 4
5375 1
5379 1
5382 4
5383 5
5392 5
5401 1
5403 3
5407 5
5409 1
5410 3
5413 2
5416 3
5418 4
5419 2
5423 2
5424 8
5427 5
5428 1
5430 1
5432 2
5438 1
5441 3
5444 2
5446 3
5449 2
5457 3
5462 3
5469 2
5472 3
5473 2
5477 1
5479 1
5483 3
5486 2
5487 1
5488 1
5490 3
5491 5
5492 3
5499 3
5501 3
5505 3
5506 5
5507 3
5511 4
5514 2
5515 6
5518 2
5529 1
5531 1
5534 3
5536 5
5539 4
5540 1
5541 3
5543 7
5545 3
5550 1
5551 3
5553 1
5555 3
5562 3
5564 1
5566 6
5567 2
5570 1
5572 3
5573 1
5575 4
5579 9
5580 1
5582 3
5584 5
5586 503
5595 1
5598 373
5600 2
5601 4
5604 1
5605 316
5611 3
5613 2
5618 4
5624 462
5627 1
5629 3
5633 1
5634 4
5635 4
5643 3
5644 1
5647 3
5648 2
5652 4
5653 1
5657 1
5658 2
5661 3
5673 2
5674 3
5680 7
5683 1
5686 3
5687 4
5690 1
5694 6
5695 2
5697 4
5701 3
5703 6
5705 1
5708 6
5712 3
5721 1
5723 1
5727 2
5730 2
5733 3
5735 3
5739 1
5744 1
5749 1
5750 6
5751 1
5752 4
5755 2
5756 3
5759 3
5760 2
5762 2
5764 4
5767 4
5768 1
5769 1
5770 1
5777 5
5778 3
5780 3
5782 1
5783 2
5785 1
5788 2
5790 5
5795 2
5797 3
5801 4
5804 2
5807 1
5810 8
5811 2
5812 3
5819 1
5822 1
5824 3
5826 2
5834 4
5844 1
5848 3
5850 7
5851 1
5857 2
5859 4
5861 2
5865 2
5869 6
5873 5
5878 1
5880 1
5882 1
5885 28
5886 1
5891 1
5892 4
5894 2
5895 5
5902 2
5904 1
5908 3
5910 1
5911 6
5917 8
5918 5
5921 2
5922 1
5931 1
5934 6
5936 2
5939 3
5940 1
5942 5
5945 3
5946 4
5949 2
5950 623
5959 1
5961 4
5965 3
5966 2
5968 1
5972 5
5982 5
5984 4
5985 2
5988 1
5990 1
5991 2
5993 5
5996 2
5999 4
6000 1
6007 4
6009 3
6013 2
6014 4
6017 4
6020 6
6021 1
6023 1
6024 2
6026 1
6028 3
6031 3
6033 1
6034 1
6039 1
6045 1
6054 4
6055 1
6056 2
6063 3
6065 4
6066 1
6068 5
6069 1
6071 3
6081 6
6085 2
6087 3
6092 4
6095 1
6098 3
6099 1
6108 2
6110 1
6111 2
6113 4
6120 3
6122 1
6137 4
6138 2
6139 1
6140 3
6141 1
6146 6
6147 6
6151 1
6154 495
6158 2
6160 6
6171 4
6172 4
6173 2
6176 5
6180 3
6182 2
6183 4
6185 5
6190 3
6191 6
6195 7
6196 3
6198 3
6199 1
6201 1
6206 1
6207 6
6208 5
6213 6
6214 2
6217 532
6219 5
6223 1
6226 3
6231 122
6233 1
6234 1
6238 5
6240 2
6248 3
6251 3
6254 2
6255 199
6260 1
6262 3
6263 3
6268 5
6270 2
6277 1
6290 2
6299 1
6301 2
6303 3
6304 1
6310 2
6318 3
6319 2
6323 6
6324 1
6326 2
6328 6
6330 1
6333 1
6336 3
6337 3
6340 1
6349 1
6359 3
6360 3
6364 5
6365 2
6367 1
6369 3
6370 290
6381 5
6382 7
6396 2
6398 5
6404 5
6406 6
6408 2
6422 4
6425 2
6426 1
6430 2
6431 3
6432 2
6433 1
6438 1
6442 2
6443 4
6446 1
6447 3
6449 1
6451 3
6455 4
6458 5
6459 9
6466 2
6473 2
6474 1
6475 1
6476 6
6479 1
6480 3
6481 1
6485 1
6486 7
6488 1
6489 1
6492 4
6497 1
6507 2
6515 1
6516 2
6519 3
6520 6
6522 1
6528 1
6532 4
6533 1
6534 6
6535 4
6536 6
6541 2
6542 3
6545 1
6546 3
6549 1
6554 7
6555 3
6560 2
6562 5
6565 1
6566 6
6567 1
6571 3
6574 7
6579 1
6580 5
6586 5
6590 2
6594 5
6595 1
6596 4
6600 5
6601 2
6602 3
6607 3
6609 5
6611 3
6612 1
6614 1
6620 1
6628 2
6630 6
6631 2
6633 2
6634 4
6635 4
6638 2
6641 3
6642 3
6644 3
6645 2
6647 462
6652 1
6653 2
6667 1
6669 1
6670 2
6671 6
6674 1
6676 4
6682 1
6685 10
6690 1
6691 4
6695 5
6696 1
6700 2
6701 7
6702 2
6708 3
6709 4
6714 500
6717 2
6730 1
6732 2
6734 1
6742 2
6745 3
6747 1
6748 2
6750 2
6757 1
6763 1
6768 4
6769 1
6774 5
6775 2
6781 5
6783 1
6784 1
6785 1
6788 3
6793 3
6795 4
6796 1
6798 1
6800 2
6801 2
6802 2
6807 1
6808 194
6811 1
6817 4
6818 2
6821 1
6826 2
6829 3
6831 2
6832 1
6838 3
6839 7
6844 4
6845 4
6846 1
6850 1
6851 1
6852 1
6853 2
6859 1
6861 4
6864 1
6865 1
6867 9
6869 4
6874 1
6875 5
6876 1
6878 2
6880 4
6887 4
6889 1
6893 1
6898 3
6899 2
6900 2
6904 2
6906 2
6907 2
6908 1
6911 1
6913 5
6914 3
6919 3
6925 3
6929 6
6930 8
6931 3
6939 551
6943 6
6945 1
6948 1
6959 9
6960 3
6962 1
6966 4
6968 6
6969 2
6970 1
6974 1
6977 1
6978 5
6982 3
6985 2
6987 17
6993 4
6994 1
7000 2
7002 5
7003 2
7008 1
7010 1
7019 4
7021 4
7024 1
7027 2
7030 4
7035 2
7036 3
7037 2
7039 1
7043 2
7046 1
7054 524
7055 3
7056 5
7063 2
7065 2
7067 4
7069 4
7070 5
7071 1
7078 5
7079 1
7083 2
7089 1
7091 3
7092 4
7095 4
7100 7
7101 1
7102 2
7103 1
7104 5
7105 3
7106 2
7107 1
7110 1
7112 6
7113 710
7118 27
7119 3
7120 3
7121 2
7122 3
7124 2
7127 2
7132 2
7138 1
7139 1
7143 3
7144 3
7147 3
7148 1
7150 3
7152 2
7154 4
7156 3
7158 4
7160 2
7161 1
7164 3
7166 1
7168 2
7170 3
7176 3
7181 4
7183 5
7186 267
7188 3
7191 3
7193 156
7194 5
7195 2
7201 3
7202 1
7204 2
7206 2
7209 2
7210 1
7214 3
7219 1
7222 3
7225 3
7228 1
7230 8
7232 1
7235 1
7238 184
7239 2
7242 1
7247 1
7249 4
7250 5
7251 1
7252 2
7253 2
7255 1
7258 4
7259 4
7264 2
7272 1
7275 2
7287 5
7288 2
7290 1
7291 2
7293 1
7297 1
7300 4
7302 5
7303 3
7308 5
7310 2
7317 1
7324 1
7328 2
7329 3
7332 2
7338 4
7339 4
7341 1
7345 1
7346 2
7347 4
7350 3
7359 2
7360 1
7366 4
7368 3
7369 5
7371 1
7374 3
7380 4
7383 1
7387 5
7390 5
7404 2
7412 1
7417 2
7421 1
7427 2
7429 1
7431 2
7432 1
7435 6
7438 2
7446 1
7447 269
7452 1
7455 2
7459 2
7461 2
7462 5
7463 2
7465 3
7469 8
7470 5
7474 3
7475 4
7479 1
7480 4
7482 1
7491 3
7492 1
7496 2
7497 2
7500 1
7501 2
7502 6
7504 4
7507 3
7509 5
7510 1
7511 3
7518 3
7521 8
7525 1
7528 6
7529 6
7530 2
7531 2
7532 2
7533 5
7537 2
7540 5
7549 7
7552 4
7560 2
7562 6
7570 3
7571 1
7572 1
7574 1
7579 1
7580 2
7582 6
7584 1
7585 1
7589 3
7593 2
7594 4
7596 2
7597 2
7599 4
7605 2
7606 2
7607 2
7608 6
7610 4
7612 2
7613 6
7615 4
7621 6
7624 3
7627 4
7632 1
7633 5
7650 3
7652 1
7656 1
7657 6
7659 1
7661 7
7662 6
7665 1
7669 4
7672 6
7675 1
7676 3
7677 1
7680 3
7686 5
7687 5
7688 3
7692 2
7693 1
7694 1
7697 1
7698 1
7699 4
7700 2
7702 1
7705 2
7708 2
7711 3
7718 1
7720 2
7723 3
7726 4
7727 1
7731 5
7732 1
7733 2
7738 2
7743 3
7745 310
7746 2
7747 1
7751 2
7755 2
7758 2
7763 5
7769 6
7772 1
7775 3
7776 1
7777 1
7781 1
7785 6
7787 1
7788 3
7791 2
7792 1
7793 4
7795 3
7796 1
7806 3
7807 8
7808 3
7809 1
7811 2
7813 5
7815 3
7818 7
7833 2
7834 3
7835 1
7839 1
7843 5
7850 1
7854 2
7857 1
7859 1
7864 6
7867 7
7868 1
7870 3
7873 1
7876 2
7877 4
7878 4
7879 2
7881 2
7884 5
7887 2
7891 2
7892 2
7901 3
7905 3
7913 1
7917 1
7918 3
7919 3
7920 2
7923 1
7924 1
7925 2
7931 1
7937 1
7941 3
7944 2
7945 1
7952 5
7954 2
7955 4
7956 3
7959 2
7963 1
7964 3
7965 3
7967 2
7970 2
7973 2
7975 7
7977 1
7981 4
7982 3
7985 2
7986 1
7989 2
7991 6
7996 1
7997 1
7998 4
8000 3
8001 4
8002 10
8006 1
8008 3
8010 2
8013 3
8016 2
8018 1
8019 3
8021 2
8023 1
8024 6
8031 7
8035 7
8037 3
8040 2
8042 56
8043 2
8046 3
8047 2
8049 2
8050 1
8055 6
8060 4
8071 1
8072 2
8074 1
8076 5
8081 1
8082 1
8083 2
8088 1
8090 1
8095 4
8099 8
8100 3
8105 3
8107 2
8108 1
8109 5
8111 1
8113 7
8116 2
8121 3
8125 2
8127 1
8130 2
8133 4
8134 1
8142 3
8148 3
8151 2
8154 2
8159 7
8165 4
8167 1
8170 1
8172 3
8174 1
8176 517
8180 4
8182 1
8188 3
8189 1
8190 4
8191 3
8194 4
8195 2
8209 3
8214 2
8215 1
8216 4
8221 2
8222 8
8224 2
8226 1
8228 1
8229 1
8234 2
8236 1
8240 2
8255 2
8256 4
8257 4
8259 1
8260 5
8261 1
8266 1
8268 1
8270 382
8275 1
8278 1
8282 1
8283 4
8286 1
8290 626
8293 2
8304 3
8308 3
8310 7
8311 6
8315 3
8316 4
8317 4
8321 5
8324 1
8327 2
8328 4
8329 1
8336 1
8337 1
8339 4
8340 3
8341 2
8342 1
8344 2
8346 1
8348 3
8349 2
8350 2
8354 2
8358 1
8362 4
8363 1
8371 1
8372 1
8373 3
8375 4
8376 1
8379 3
8383 1
8385 2
8397 3
8398 1
8400 4
8401 2
8406 4
8407 1
8408 5
8411 5
8415 2
8420 1
8422 5
8423 1
8424 2
8433 1
8435 2
8436 4
8437 3
8439 2
8443 4
8446 3
8449 3
8451 3
8453 1
8459 4
8461 2
8463 6
8464 6
8466 2
8467 4
8472 1
8474 1
8476 2
8477 3
8478 2
8486 1
8490 1
8492 1
8496 2
8501 6
8502 1
8507 2
8508 5
8509 2
8513 6
8516 1
8518 3
8520 4
8524 4
8525 1
8526 1
8531 2
8534 5
8536 1
8539 1
8541 4
8546 4
8547 1
8549 2
8557 1
8560 3
8561 1
8564 2
8565 6
8568 2
8571 2
8579 2
8581 31
8582 1
8586 7
8591 1
8594 1
8596 3
8597 5
8599 4
8607 5
8610 1
8611 2
8620 4
8624 1
8628 2
8630 2
8633 3
8640 2
8647 1
8648 4
8651 1
8653 1
8658 1
8659 3
8660 4
8663 1
8668 5
8674 3
8675 1
8682 1
8686 6
8689 1
8690 5
8691 7
8694 4
8695 5
8710 1
8714 4
8717 4
8726 4
8742 6
8743 2
8745 2
8747 236
8748 4
8749 2
8751 2
8758 1
8762 3
8763 3
8769 1
8770 4
8775 2
8776 3
8777 1
8779 5
8780 2
8781 6
8782 2
8784 5
8785 1
8797 5
8798 5
8801 1
8804 1
8811 2
8814 5
8822 4
8827 4
8835 4
8836 3
8837 1
8838 4
8840 2
8851 1
8855 3
8856 2
8861 5
8862 5
8866 2
8868 2
8869 1
8870 1
8873 2
8877 1
8882 656
8883 1
8885 1
8886 1
8888 4
8890 2
8891 2
8895 437
8896 3
8904 4
8907 1
8909 4
8911 2
8915 5
8916 3
8918 3
8920 2
8922 7
8933 1
8936 1
8942 5
8943 3
8946 3
8954 6
8956 1
8958 4
8959 1
8960 409
8964 3
8966 1
8968 2
8973 7
8975 2
8977 3
8984 1
8988 2
8990 2
8993 1
8996 2
8997 1
9001 1
9002 1
9003 2
9009 2
9010 3
9014 2
9015 2
9016 2
9020 3
9025 4
9027 3
9029 2
9033 2
9036 4
9038 4
9041 2
9042 444
9047 1
9049 1
9050 2
9051 3
9053 2
9054 4
9056 2
9059 3
9069 1
9081 1
9082 3
9084 5
9085 3
9088 3
9091 5
9096 3
9099 1
9104 4
9106 1
9107 4
9114 1
9117 1
9131 6
9137 1
9141 4
9142 4
9144 4
9145 3
9146 3
9152 1
9153 1
9154 1
9158 2
9160 2
9164 1
9166 4
9170 3
9182 4
9184 2
9191 3
9196 1
9200 2
9201 2
9202 138
9203 2
9207 6
9208 1
9212 7
9215 2
9217 1
9223 6
9225 1
9228 155
9229 1
9237 3
9238 2
9241 1
9245 5
9250 3
9255 5
9260 6
9269 3
9271 1
9272 5
9273 5
9274 2
9275 1
9277 1
9282 2
9286 3
9289 6
9291 1
9292 1
9294 1
9297 6
9298 1
9302 1
9306 4
9308 2
9312 5
9313 3
9320 1
9321 3
9322 6
9325 3
9327 7
9330 2
9331 4
9335 4
9336 3
9337 1
9341 2
9342 2
9349 2
9350 3
9353 3
9357 5
9364 3
9366 3
9368 1
9370 1
9371 2
9379 1
9383 2
9386 2
9387 2
9388 2
9389 1
9392 1
9395 6
9398 1
9399 2
9402 4
9404 7
9411 2
9412 4
9413 3
9420 1
9421 6
9422 6
9425 1
9427 5
9439 1
9440 1
9441 1
9448 5
9449 2
9455 6
9462 5
9463 3
9465 4
9468 5
9470 4
9475 5
9476 2
9477 2
9478 2
9485 6
9486 3
9489 4
9490 3
9494 331
9495 1
9497 2
9502 2
9504 1
9505 1
9512 2
9515 3
9520 1
9523 5
9524 2
9525 2
9528 4
9529 5
9535 1
9540 1
9545 2
9548 315
9551 3
9554 1
9561 7
9562 6
9564 3
9565 8
9566 245
9569 7
9570 4
9573 3
9575 2
9576 3
9582 3
9584 1
9590 3
9598 2
9600 2
9603 4
9604 4
9606 3
9607 1
9611 1
9617 1
9621 2
9623 5
9624 1
9629 4
9633 6
9636 2
9642 2
9649 3
9655 1
9659 6
9661 1
9664 3
9666 2
9670 2
9671 3
9675 3
9679 3
9683 3
9684 9
9685 3
9688 2
9689 1
9690 4
9694 1
9695 6
9697 3
9698 4
9701 4
9704 6
9707 1
9709 4
9712 2
9713 2
9717 3
9718 4
9726 1
9728 3
9730 1
9731 2
9733 3
9735 2
9736 1
9739 2
9742 565
9743 1
9744 318
9745 1
9749 3
9753 1
9762 1
9764 1
9765 2
9766 2
9767 3
9769 2
9770 1
9775 7
9778 2
9782 1
9788 4
9790 1
9794 2
9795 4
9796 5
9798 1
9799 2
9800 3
9801 1
9802 6
9803 2
9807 2
9808 1
9811 1
9817 1
9818 1
9820 1
9822 1
9825 6
9834 3
9835 3
9836 1
9837 3
9838 3
9844 1
9845 3
9846 1
9848 1
9850 1
9853 2
9856 3
9857 6
9858 2
9864 1
9866 1
9867 1
9870 4
9873 5
9876 3
9877 2
9879 2
9884 5
9886 2
9889 5
9890 1
9894 6
9900 3
9902 237
9904 1
9905 2
9909 1
9910 3
9912 4
9918 6
9921 7
9923 2
9927 2
9929 427
9934 1
9936 4
9938 2
9941 2
9948 1
9954 80
9956 1
9957 1
9961 1
9965 5
9968 1
9970 1
9973 1
9974 3
9975 4
9978 3
9983 4
9984 2
9999 1
10004 2
10005 6
10006 2
10010 2
10011 2
10013 3
10015 1
10017 2
10019 2
10025 2
10030 3
10034 4
10035 4
10036 1
10041 2
10044 1
10045 3
10048 1
10049 3
10055 3
10056 1
10057 4
10067 2
10069 3
10073 2
10074 2
10078 3
10081 5
10082 4
10083 1
10084 1
10085 4
10090 1
10094 2
10099 4
10103 1
10107 1
10109 5
10118 269
10119 2
10121 262
10123 3
10125 7
10130 5
10132 1
10133 5
10139 3
10141 1
10142 1
10143 1
10146 4
10150 1
10152 4
10153 3
10154 3
10156 4
10157 3
10158 1
10159 4
10160 4
10161 5
10163 3
10164 5
10165 3
10166 1
10172 4
10174 6
10177 3
10181 1
10182 4
10183 6
10187 2
10189 3
10191 4
10195 2
10197 499
10199 5
10202 3
10204 5
10206 1
10209 1
10211 5
10213 2
10214 1
10215 2
10216 1
10217 2
10221 6
10223 3
10224 3
10227 4
10228 1
10229 1
10237 2
10239 1
10242 5
10243 5
10244 2
10245 3
10247 6
10250 3
10251 1
10253 1
10257 6
10260 1
10264 1
10265 1
10269 1
10270 4
10271 3
10272 6
10274 3
10275 3
10278 1
10280 9
10281 1
10286 2
10287 3
10295 5
10300 60
10302 1
10304 1
10305 1
10308 1
10309 1
10310 6
10313 1
10315 2
10318 2
10329 1
10330 3
10332 4
10334 3
10338 5
10339 2
10342 2
10343 3
10344 2
10352 2
10356 3
10359 1
10362 1
10363 1
10364 1
10368 3
10371 1
10373 1
10383 6
10387 6
10389 3
10390 1
10396 1
10397 1
10401 1
10402 1
10403 1
10404 4
10406 1
10407 1
10410 2
10413 60
10415 1
10416 3
10417 2
10421 2
10422 5
10423 4
10424 2
10426 1
10427 355
10428 2
10429 3
10430 2
10434 2
10436 3
10437 3
10439 2
10447 3
10448 1
10449 3
10452 1
10453 6
10454 4
10458 4
10464 5
10466 3
10467 7
10471 3
10478 2
10479 2
10480 3
10482 2
10483 1
10484 1
10485 5
10491 4
10492 1
10498 1
10500 3
10503 6
10504 4
10512 1
10515 2
10526 4
10531 3
10532 1
10533 5
10534 2
10537 3
10538 1
10548 3
10549 1
10556 1
10560 2
10561 1
10562 2
10563 1
10564 4
10567 2
10570 4
10576 6
10577 322
10578 1
10579 2
10582 1
10588 1
10591 3
10593 1
10594 3
10595 5
10598 1
10601 1
10605 2
10607 3
10609 2
10610 7
10614 4
10615 5
10616 2
10618 2
10619 2
10620 5
10622 6
10624 1
10626 212
10636 1
10638 1
10639 6
10640 477
10643 5
10645 4
10646 4
10652 1
10660 3
10663 1
10665 4
10669 3
10672 19
10676 3
10680 2
10682 4
10684 4
10687 2
10688 2
10689 1
10692 7
10693 1
10694 1
10695 2
10702 1
10703 1
10706 1
10709 5
10710 5
10712 4
10713 3
10715 3
10717 3
10719 4
10731 6
10738 1
10742 6
10743 5
10748 2
10752 2
10757 2
10762 3
10766 2
10767 450
10769 1
10770 1
10776 3
10777 246
10788 2
10791 1
10793 1
10797 1
10798 1
10799 2
10800 3
10801 3
10802 2
10809 1
10810 1
10819 2
10821 3
10823 1
10826 4
10831 71
10835 2
10836 3
10837 1
10839 1
10842 1
10843 1
10846 3
10847 3
10849 4
10851 5
10852 1
10853 3
10855 2
10857 1
10858 1
10862 3
10869 3
10871 1
10877 4
10878 6
10879 1
10882 4
10883 1
10884 1
10890 1
10892 1
10893 3
10897 4
10903 1
10906 1
10907 3
10910 7
10913 2
10915 7
10917 3
10919 2
10922 2
10926 4
10930 2
10937 5
10939 1
10944 6
10946 6
10950 1
10956 3
10957 2
10958 5
10961 4
10965 4
10967 1
10971 4
10974 2
10977 2
10981 1
10983 9
10984 5
10986 1
10987 4
10990 2
10994 2
10995 2
11000 2
11004 4
11008 6
11019 1
11021 2
11028 1
11030 3
11033 1
11035 261
11036 2
11038 1
11040 2
11044 4
11055 3
11061 1
11066 3
11067 1
11069 1
11072 1
11075 3
11086 4
11087 4
11090 4
11092 2
11098 3
11100 2
11103 1
11104 2
11110 3
11113 4
11114 1
11115 1
11117 2
11119 1
11120 2
11124 3
11125 5
11134 1
11136 2
11138 1
11139 1
11140 1
11141 2
11147 4
11148 1
11153 4
11155 3
11156 5
11158 1
11161 1
11166 3
11177 2
11179 5
11180 3
11186 3
11187 4
11190 1
11192 1
11193 1
11195 1
11200 2
11206 2
11207 5
11209 5
11214 2
11215 4
11216 2
11223 1
11225 2
11229 3
11232 5
11234 1
11237 5
11243 4
11246 1
11250 2
11251 1
11253 2
11255 1
11256 1
11257 1
11259 1
11261 5
11262 2
11264 1
11265 1
11268 8
11273 5
11275 2
11276 1
11280 5
11290 3
11291 1
11293 1
11304 1
11305 2
11308 3
11314 1
11315 1
11317 2
11321 4
11322 2
11323 8
11327 4
11328 1
11329 5
11335 2
11336 4
11341 2
11342 1
11348 3
11356 4
11357 2
11360 3
11361 3
11363 1
11364 4
11365 3
11367 1
11370 1
11373 5
11381 4
11387 2
11394 2
11397 1
11399 1
11400 1
11401 2
11403 3
11404 2
11405 1
11406 2
11411 4
11412 4
11413 1
11414 4
11422 1
11423 5
11425 1
11430 1
11432 2
11433 3
11464 2
11465 1
11469 6
11471 2
11473 5
11474 3
11475 2
11476 3
11482 5
11484 1
11485 2
11486 1
11489 3
11491 4
11492 1
11497 4
11500 56
11501 1
11503 3
11506 1
11508 1
11516 2
11517 1
11519 7
11530 1
11535 3
11539 2
11541 1
11544 3
11545 1
11546 3
11547 2
11550 226
11555 1
11558 3
11561 1
11562 2
11563 2
11565 1
11572 5
11579 2
11584 203
11590 2
11592 3
11593 1
11595 1
11599 3
11605 1
11607 436
11608 3
11609 2
11615 5
11617 3
11621 2
11627 2
11632 2
11636 1
11638 2
11640 3
11641 1
11644 1
11649 3
11650 4
11652 2
11660 3
11662 4
11664 5
11666 1
11669 2
11672 1
11673 1
11677 1
11678 1
11682 2
11687 7
11688 3
11695 395
11696 5
11699 4
11700 3
11701 1
11702 4
11704 1
11711 2
11715 1
11716 5
11717 1
11718 1
11720 3
11721 7
11723 5
11736 3
11737 4
11740 1
11742 4
11743 1
11744 3
11755 2
11756 2
11757 4
11761 1
11763 2
11764 5
11767 3
11771 4
11772 287
11773 9
11776 1
11779 4
11780 1
11781 3
11782 1
11785 2
11786 1
11788 2
11789 1
11790 1
11793 1
11795 109
11796 4
11803 1
11806 1
11815 3
11816 2
11818 1
11824 1
11826 3
11828 5
11830 1
11831 1
11832 1
11835 3
11837 8
11839 3
11840 3
11843 1
11847 1
11852 1
11853 3
11857 6
11863 4
11865 3
11867 1
11869 3
11871 3
11879 2
11887 1
11888 1
11890 2
11891 1
11892 2
11894 2
11895 5
11898 5
11901 1
11902 2
11903 2
11905 2
11908 1
11909 633
11911 3
11916 3
11919 2
11927 5
11932 1
11934 3
11935 1
11936 4
11946 4
11947 3
11951 1
11956 3
11960 5
11962 2
11963 1
11964 3
11969 1
11974 2
11977 2
11978 1
11979 2
11981 2
11982 5
11985 3
11987 1
11988 1
11992 63
11993 2
11994 8
11995 127
12009 2
12012 4
12013 6
12018 2
12026 1
12027 1
12028 1
12030 1
12033 3
12038 5
12041 2
12047 2
12050 2
12052 5
12053 5
12059 3
12060 3
12061 4
12067 1
12071 3
12072 2
12077 1
12078 2
12079 1
12082 5
12083 4
12084 1
12087 1
12088 2
12089 1
12090 1
12091 2
12093 1
12096 4
12097 4
12102 6
12104 1
12112 3
12117 3
12118 3
12127 2
12128 1
12130 4
12133 2
12135 2
12138 5
12139 8
12141 1
12147 8
12148 1
12151 3
12152 3
12153 2
12154 2
12155 1
12156 3
12160 1
12161 2
12168 5
12173 1
12174 291
12177 1
12183 1
12184 1
12186 5
12187 3
12189 2
12193 2
12197 2
12202 6
12204 3
12206 4
12207 3
12208 1
12212 4
12214 1
12222 2
12223 4
12226 2
12227 9
12228 1
12230 4
12233 5
12234 2
12236 1
12239 1
12240 1
12241 1
12243 6
12244 4
12245 257
12248 3
12249 1
12255 1
12256 1
12259 1
12260 5
12264 9
12266 1
12269 1
12270 2
12272 9
12278 2
12279 1
12281 2
12289 3
12293 1
12294 1
12295 3
12300 2
12303 1
12306 1
12307 3
12312 4
12313 4
12319 1
12326 3
12329 1
12333 1
12340 1
12343 1
12344 1
12348 1
12352 521
12353 1
12354 7
12355 2
12356 5
12358 1
12360 3
12370 2
12387 4
12388 3
12390 2
12391 1
12392 1
12393 1
12394 5
12395 2
12398 1
12399 2
12403 2
12405 2
12406 1
12413 4
12415 2
12416 1
12419 2
12422 5
12425 1
12429 2
12432 3
12438 3
12441 2
12443 1
12459 1
12463 1
12464 1
12465 3
12469 1
12475 2
12478 4
12483 4
12486 2
12497 4
12499 2
12505 1
12510 3
12511 2
12516 3
12517 1
12518 3
12519 1
12520 3
12523 1
12525 1
12527 2
12531 1
12533 2
12536 2
12538 1
12539 2
12540 1
12542 194
12545 2
12546 5
12547 1
12552 3
12556 1
12558 6
12559 1
12568 1
12569 4
12570 4
12571 6
12574 1
12576 1
12579 1
12580 3
12590 3
12593 1
12594 1
12597 1
12599 2
12600 1
12605 3
12606 4
12607 1
12610 6
12614 7
12615 1
12617 3
12620 2
12621 5
12623 6
12633 1
12635 4
12638 6
12639 1
12641 2
12647 2
12653 1
12659 2
12660 4
12667 3
12673 3
12677 6
12680 2
12686 3
12688 2
12689 2
12692 4
12696 1
12702 2
12703 2
12704 1
12716 1
12717 1
12718 6
12720 1
12725 5
12726 4
12727 2
12728 2
12729 5
12737 1
12739 4
12740 1
12743 1
12745 3
12747 5
12752 1
12755 244
12756 1
12759 4
12763 2
12764 3
12765 1
12767 2
12768 2
12770 3
12771 4
12775 4
12778 1
12779 3
12782 3
12783 5
12785 2
12790 1
12793 2
12796 2
12798 2
12808 1
12809 4
12813 1
12815 2
12819 4
12822 6
12823 1
12827 2
12828 1
12830 5
12831 4
12832 3
12834 4
12837 1
12839 5
12846 2
12849 4
12852 1
12853 3
12854 2
12860 7
12863 2
12864 1
12865 2
12870 1
12871 1
12875 4
12878 2
12879 2
12889 1
12891 4
12894 1
12895 1
12901 3
12903 2
12905 2
12906 7
12912 4
12915 4
12916 3
12917 2
12919 1
12921 1
12923 2
12925 1
12931 4
12933 2
12938 3
12940 2
12942 2
12943 4
12945 1
12946 3
12950 1
12952 4
12953 3
12957 3
12958 1
12964 1
12966 2
12971 786
12973 1
12974 1
12982 2
12984 2
12989 523
12991 3
12992 1
12995 2
12996 1
12998 1
13008 2
13010 6
13012 2
13013 1
13020 2
13022 3
13025 1
13027 2
13030 264
13031 1
13032 7
13034 1
13035 6
13037 3
13040 1
13042 1
13046 2
13050 517
13051 1
13057 6
13058 1
13059 5
13060 1
13065 3
13068 5
13069 3
13071 4
13072 5
13073 2
13074 1
13075 4
13084 96
13085 2
13087 3
13088 1
13091 4
13097 2
13101 2
13109 3
13110 5
13112 4
13116 1
13119 1
13120 5
13121 2
13122 1
13123 2
13129 1
13131 4
13132 1
13137 5
13138 1
13140 3
13142 1
13143 4
13147 1
13151 3
13152 4
13155 1
13158 2
13159 3
13161 4
13163 3
13165 3
13166 2
13169 4
13170 2
13171 3
13172 3
13173 1
13174 1
13175 1
13176 1
13182 2
13184 1
13191 1
13194 7
13199 1
13207 2
13209 1
13210 2
13211 3
13214 2
13216 3
13217 602
13219 2
13224 2
13226 1
13227 1
13238 1
13239 1
13240 1
13244 1
13245 1
13246 2
13249 2
13254 1
13261 3
13267 6
13271 2
13273 2
13274 1
13277 7
13279 5
13280 2
13283 3
13286 4
13287 2
13288 1
13290 327
13292 2
13298 1
13301 2
13312 1
13314 1
13316 1
13321 4
13322 2
13325 4
13328 3
13336 1
13341 1
13343 1
13345 1
13346 3
13348 5
13351 3
13356 4
13357 2
13360 2
13367 2
13372 1
13373 7
13376 1
13377 2
13385 3
13393 2
13397 2
13407 1
13410 1
13415 2
13420 2
13421 129
13423 2
13425 1
13427 5
13428 3
13431 3
13436 1
13441 4
13443 2
13444 1
13445 5
13446 1
13447 2
13451 5
13452 2
13455 1
13456 4
13460 1
13465 1
13471 1
13472 2
13474 4
13475 1
13478 2
13486 3
13488 8
13489 4
13491 3
13495 5
13498 4
13500 644
13502 3
13503 2
13505 1
13512 1
13514 4
13515 7
13518 2
13522 6
13525 10
13529 5
13530 4
13533 1
13534 4
13535 1
13539 1
13543 7
13550 1
13557 3
13560 2
13562 3
13563 1
13578 1
13581 3
13593 1
13599 2
13601 1
13603 4
13604 2
13605 2
13607 4
13608 1
13609 6
13610 4
13611 1
13614 1
13616 1
13621 4
13623 6
13624 1
13625 2
13626 285
13627 3
13631 2
13634 5
13637 1
13638 2
13645 5
13648 1
13649 252
13655 2
13661 7
13663 4
13664 4
13668 1
13669 5
13676 6
13678 2
13679 741
13682 4
13686 1
13688 4
13692 2
13695 5
13698 5
13699 3
13707 5
13708 7
13711 1
13722 5
13727 4
13729 3
13732 5
13733 1
13735 1
13736 5
13737 2
13739 4
13742 2
13743 3
13746 5
13748 4
13749 1
13753 5
13754 2
13758 4
13763 3
13770 1
13772 5
13780 103
13784 3
13788 2
13789 7
13790 1
13791 4
13793 4
13795 2
13796 3
13800 5
13802 4
13803 1
13805 1
13806 1
13807 2
13808 4
13809 4
13815 1
13816 1
13817 1
13821 2
13824 3
13825 4
13829 47
13835 2
13837 4
13839 3
13843 3
13846 6
13848 2
13851 1
13854 7
13855 2
13858 540
13861 3
13864 2
13869 7
13873 1
13874 3
13875 3
13881 5
13882 4
13884 8
13893 3
13894 4
13895 2
13898 1
13899 4
13901 2
13909 8
13910 524
13915 5
13917 2
13920 7
13921 4
13925 743
13927 2
13928 3
13930 3
13934 7
13935 1
13938 3
13940 4
13946 1
13950 2
13953 1
13956 2
13960 3
13962 2
13963 1
13965 1
13968 4
13971 5
13972 1
13973 4
13976 4
13978 1
13985 2
13986 2
13990 2
13996 2
13999 3
14000 3
14001 2
14003 2
14005 126
14020 2
14024 1
14025 3
14026 5
14030 7
14032 1
14033 1
14036 1
14037 1
14044 1
14047 3
14052 3
14058 2
14059 1
14060 1
14061 1
14065 3
14067 1
14071 3
14072 1
14074 4
14075 4
14076 1
14079 3
14085 2
14097 4
14099 4
14100 4
14102 2
14105 3
14107 2
14109 2
14113 6
14115 2
14120 3
14122 1
14124 1
14126 1
14127 4
14130 1
14131 3
14140 1
14144 5
14145 2
14146 4
14147 2
14148 2
14151 1
14152 4
14153 4
14154 3
14157 1
14158 7
14161 221
14164 2
14165 1
14167 1
14168 5
14170 2
14171 2
14172 7
14173 2
14178 4
14181 2
14182 1
14185 1
14188 4
14191 6
14192 1
14193 4
14195 5
14197 3
14198 1
14200 1
14202 3
14204 7
14206 1
14208 2
14209 2
14211 3
14215 4
14217 2
14219 3
14220 1
14221 2
14222 2
14223 2
14230 1
14234 3
14236 2
14238 2
14241 4
14245 5
14246 1
14256 1
14259 3
14260 4
14262 1
14264 2
14266 3
14272 3
14273 36
14274 189
14277 3
14280 1
14281 767
14284 1
14288 5
14289 1
14292 2
14298 4
14299 2
14306 2
14307 1
14311 2
14313 2
14315 2
14316 3
14318 1
14319 3
14320 3
14322 2
14327 7
14329 4
14333 5
14334 3
14335 4
14336 1
14340 1
14343 5
14345 5
14350 6
14351 1
14355 1
14357 176
14359 1
14360 2
14362 1
14363 1
14364 1
14373 6
14374 2
14380 2
14382 4
14383 5
14388 1
14393 1
14398 8
14401 4
14410 10
14418 4
14419 4
14420 2
14422 2
14424 2
14425 4
14427 3
14439 1
14440 3
14442 4
14444 1
14445 4
14448 1
14460 3
14461 3
14463 2
14466 1
14470 2
14476 4
14477 3
14479 1
14481 234
14483 1
14488 1
14489 2
14491 163
14493 2
14497 3
14499 3
14504 4
14507 2
14509 8
14510 3
14513 1
14515 2
14523 1
14526 1
14527 1
14528 9
14529 1
14530 6
14535 1
14540 176
14542 2
14549 4
14550 2
14558 1
14560 4
14561 2
14562 1
14564 2
14566 3
14571 3
14573 1
14575 2
14577 3
14581 3
14584 1
14588 1
14589 1
14593 1
14594 3
14597 3
14608 397
14609 2
14610 2
14612 1
14613 3
14615 2
14616 2
14618 2
14619 3
14622 2
14623 1
14625 2
14630 2
14635 3
14636 1
14637 2
14640 2
14645 1
14648 6
14652 2
14653 1
14657 1
14658 471
14665 1
14667 3
14670 3
14671 1
14672 2
14673 3
14674 1
14676 5
14679 3
14685 2
14695 2
14701 1
14703 6
14704 1
14706 1
14707 5
14709 1
14712 332
14715 4
14717 4
14721 8
14722 3
14723 2
14726 3
14729 3
14730 388
14731 1
14732 1
14735 2
14737 2
14739 1
14740 2
14743 5
14754 3
14756 1
14758 3
14763 1
14764 1
14765 2
14766 1
14769 2
14775 2
14781 1
14783 2
14785 6
14788 1
14790 4
14795 2
14797 1
14798 1
14800 4
14801 1
14807 4
14808 2
14810 3
14812 5
14820 2
14821 1
14826 1
14827 1
14844 1
14845 7
14846 3
14847 2
14850 1
14852 1
14856 1
14861 2
14867 2
14868 5
14874 4
14875 5
14877 2
14884 1
14888 3
14893 1
14894 3
14895 3
14899 5
14902 2
14903 5
14908 2
14930 3
14932 4
14942 1
14948 1
14953 2
14957 3
14958 11
14959 6
14960 4
14961 2
14962 1
14965 4
14969 1
14973 1
14974 1
14976 1
14980 1
14981 2
14985 2
14987 1
14990 1
14991 2
14993 3
14996 2
14998 1
14999 1
15000 2
15001 4
15003 5
15004 7
15006 2
15010 2
15017 3
15018 1
15021 1
15027 6
15029 1
15033 5
15038 1
15040 1
15042 2
15051 2
15053 5
15055 1
15056 1
15058 272
15060 1
15062 9
15069 3
15071 1
15072 1
15073 2
15082 7
15084 5
15092 2
15094 1
15096 98
15102 6
15106 5
15107 2
15109 1
15113 2
15114 1
15116 1
15123 2
15133 1
15135 4
15138 3
15139 1
15142 1
15144 4
15145 6
15148 4
15149 1
15150 4
15151 2
15155 1
15156 1
15158 3
15163 1
15168 3
15176 4
15179 1
15182 1
15184 5
15185 1
15188 5
15191 8
15194 3
15196 6
15197 18
15203 1
15207 2
15209 3
15210 1
15217 3
15220 5
15230 1
15231 1
15232 4
15233 4
15234 1
15238 1
15245 3
15253 1
15257 1
15267 6
15269 4
15270 5
15271 1
15275 7
15276 4
15279 2
15280 2
15285 3
15286 1
15287 5
15290 3
15293 2
15297 3
15298 3
15302 5
15304 1
15307 2
15308 4
15310 1
15314 2
15315 4
15326 4
15329 2
15332 4
15336 1
15339 1
15340 5
15344 4
15347 1
15352 1
15353 4
15356 99
15357 7
15359 1
15361 4
15362 466
15368 1
15371 3
15373 5
15377 1
15378 6
15381 2
15383 1
15388 5
15389 3
15390 1
15392 3
15396 2
15399 3
15401 3
15405 1
15410 6
15414 1
15417 2
15424 2
15425 3
15427 2
15436 1
15444 2
15447 1
15448 3
15449 3
15450 5
15452 2
15456 4
15459 1
15460 6
15464 4
15468 1
15470 1
15471 1
15473 1
15474 1
15477 3
15478 3
15482 1
15485 2
15487 1
15488 5
15490 197
15504 2
15507 2
15510 3
15519 2
15522 7
15524 2
15532 2
15534 4
15535 2
15539 2
15540 2
15546 8
15547 1
15553 4
15554 2
15559 1
15564 1
15566 3
15567 2
15569 3
15570 1
15573 3
15574 1
15577 2
15579 1
15584 1
15587 2
15589 1
15592 1
15596 2
15604 4
15609 3
15612 1
15613 2
15614 1
15615 3
15617 2
15620 5
15625 276
15626 4
15629 1
15632 3
15635 2
15639 5
15640 2
15641 2
15644 2
15645 5
15650 4
15655 3
15656 1
15659 1
15660 2
15663 1
15665 1
15666 8
15671 1
15679 2
15681 2
15683 2
15685 2
15689 4
15693 1
15699 1
15701 5
15703 1
15712 4
15715 8
15718 5
15726 1
15728 1
15732 3
15733 2
15738 1
15739 1
15740 3
15742 4
15749 5
15753 4
15762 2
15764 1
15767 4
15771 1
15772 2
15773 1
15777 1
15780 2
15782 1
15783 6
15791 1
15795 3
15796 1
15798 9
15804 1
15805 2
15810 2
15812 8
15815 2
15816 4
15819 1
15820 1
15821 1
15823 5
15824 4
15825 2
15826 4
15836 33
15840 3
15841 3
15848 1
15849 2
15853 1
15857 3
15862 3
15868 4
15870 3
15873 1
15876 2
15879 3
15881 2
15884 63
15885 4
15894 1
15896 2
15898 2
15899 2
15902 4
15907 1
15909 4
15910 2
15911 2
15914 1
15915 5
15925 5
15928 2
15929 6
15931 2
15934 2
15935 4
15938 2
15939 1
15943 1
15945 2
15951 6
15953 2
15958 7
15963 1
15965 2
15969 1
15977 4
15979 5
15982 2
15983 4
15985 1
15987 4
15989 1
15998 2
16002 4
16009 1
16020 3
16022 1
16023 1
16027 473
16028 1
16029 2
16032 1
16037 4
16040 1
16041 5
16045 1
16049 1
16050 2
16052 1
16055 5
16059 6
16062 4
16065 3
16067 1
16068 1
16070 6
16073 1
16074 3
16078 1
16080 1
16082 1
16083 3
16086 1
16087 2
16090 1
16091 4
16093 2
16094 1
16110 1
16117 1
16118 1
16119 4
16120 2
16121 1
16126 394
16128 6
16137 1
16140 2
16144 2
16146 3
16149 4
16151 1
16156 4
16163 5
16171 1
16174 1
16176 2
16182 3
16184 3
16188 1
16191 1
16204 4
16205 2
16208 2
16219 1
16221 3
16225 1
16226 8
16227 1
16232 1
16235 1
16237 3
16240 2
16241 1
16247 5
16249 3
16250 6
16254 4
16256 6
16258 1
16266 6
16267 4
16278 4
16279 2
16281 1
16284 2
16288 4
16291 2
16293 5
16297 1
16300 1
16301 1
16307 3
16309 1
16318 2
16321 6
16322 3
16325 3
16328 3
16330 3
16332 3
16333 4
16334 4
16339 1
16342 8
16350 5
16354 3
16358 2
16359 1
16362 4
16363 1
16367 2
16368 2
16369 1
16371 1
16377 1
16382 2
16386 6
16392 1
16395 2
16399 1
16405 3
16408 1
16410 234
16413 8
16415 1
16416 483
16417 5
16419 2
16423 1
16425 1
16426 3
16433 2
16435 1
16440 1
16441 4
16444 1
16445 3
16446 1
16448 1
16449 4
16451 4
16452 1
16462 1
16465 4
16467 1
16471 3
16474 3
16475 2
16476 1
16477 2
16483 6
16484 2
16491 1
16498 3
16501 1
16505 1
16506 4
16508 2
16511 3
16512 2
16515 1
16519 3
16520 5
16521 3
16522 2
16523 2
16526 6
16527 3
16528 1
16536 1
16540 6
16541 4
16542 2
16546 1
16548 1
16551 3
16552 6
16556 2
16558 3
16561 6
16564 2
16565 1
16566 5
16567 1
16569 2
16570 2
16571 2
16572 1
16573 1
16577 6
16581 2
16582 3
16584 3
16586 2
16587 7
16593 1
16595 3
16596 3
16601 5
16602 2
16614 2
16615 2
16616 171
16619 1
16630 2
16633 1
16638 2
16640 2
16652 1
16657 3
16659 1
16672 3
16673 2
16675 2
16678 1
16687 3
16689 3
16690 1
16692 4
16695 3
16699 1
16700 3
16707 2
16709 2
16714 4
16716 1
16720 1
16723 2
16725 1
16726 3
16729 3
16730 1
16731 2
16732 3
16735 5
16736 2
16739 7
16740 52
16743 4
16744 1
16747 2
16753 2
16755 6
16757 2
16758 1
16763 6
16765 3
16767 3
16768 1
16771 5
16772 4
16778 4
16779 2
16782 3
16783 4
16788 3
16789 1
16793 1
16803 1
16804 2
16808 2
16812 1
16817 3
16822 3
16826 6
16828 3
16830 5
16831 2
16837 6
16839 1
16840 1
16846 3
16848 1
16849 2
16851 2
16854 670
16862 5
16866 2
16868 4
16869 2
16871 1
16874 1
16875 1
16876 1
16877 3
16879 1
16880 1
16881 235
16890 1
16893 4
16895 1
16902 2
16903 1
16906 1
16907 2
16911 2
16914 1
16916 3
16920 4
16926 1
16927 2
16928 3
16935 4
16938 1
16939 2
16943 1
16946 1
16947 1
16951 1
16956 1
16958 4
16964 4
16966 1
16967 2
16979 5
16980 2
16985 1
16986 3
16994 4
16996 2
17000 1
17001 4
17002 1
17003 1
17006 3
17007 1
17013 3
17014 2
17016 1
17018 1
17021 8
17022 2
17025 1
17026 4
17027 3
17028 7
17030 4
17034 2
17038 8
17043 4
17045 4
17047 2
17050 2
17060 1
17063 106
17064 1
17066 3
17075 6
17076 4
17079 1
17080 2
17081 2
17088 2
17096 1
17099 7
17101 1
17102 2
17108 2
17110 1
17112 2
17121 1
17123 331
17125 2
17126 1
17132 1
17144 3
17145 2
17149 2
17156 4
17157 4
17162 4
17164 5
17166 142
17168 1
17171 1
17179 4
17183 7
17184 1
17188 2
17193 1
17200 3
17203 2
17207 2
17209 1
17216 2
17218 9
17219 286
17223 3
17227 2
17230 3
17234 2
17238 1
17242 667
17243 4
17249 2
17250 3
17253 1
17256 4
17257 1
17258 3
17260 1
17263 2
17264 2
17265 4
17269 3
17273 1
17274 100
17275 2
17277 3
17279 3
17281 4
17282 1
17285 7
17290 4
17292 2
17293 4
17296 5
17297 1
17298 2
17300 2
17304 2
17305 1
17306 1
17307 2
17308 1
17310 4
17318 4
17320 5
17323 2
17325 5
17327 2
17328 2
17331 1
17333 4
17334 5
17339 4
17342 2
17350 3
17354 1
17355 3
17357 4
17358 1
17360 1
17363 1
17364 6
17365 4
17367 5
17369 1
17372 1
17377 3
17392 1
17394 2
17398 1
17399 1
17401 3
17403 2
17404 1
17414 3
17418 7
17423 2
17424 299
17428 2
17429 1
17430 2
17432 1
17433 1
17435 1
17437 1
17438 3
17440 1
17441 2
17443 2
17445 5
17452 1
17455 6
17456 2
17460 3
17466 6
17470 1
17474 5
17482 1
17488 3
17490 1
17491 4
17496 1
17499 1
17503 3
17505 5
17507 2
17509 3
17514 1
17523 1
17526 2
17530 2
17533 321
17534 412
17535 2
17536 4
17537 6
17539 2
17541 2
17542 1
17543 1
17544 7
17552 2
17553 1
17558 2
17564 6
17565 6
17567 1
17569 1
17570 5
17571 5
17575 2
17582 1
17584 4
17585 3
17590 4
17594 4
17597 1
17600 1
17601 2
17604 1
17608 1
17609 4
17613 5
17615 3
17618 2
17619 3
17622 3
17625 3
17626 5
17627 3
17629 3
17630 1
17635 1
17638 2
17639 2
17640 2
17642 1
17643 3
17650 1
17654 475
17665 2
17666 4
17667 4
17669 4
17673 2
17684 3
17685 2
17693 3
17696 4
17697 1
17699 2
17702 4
17703 2
17708 4
17710 3
17711 1
17712 3
17718 1
17719 1
17720 3
17723 6
17742 2
17743 1
17746 3
17749 6
17751 6
17755 1
17756 2
17761 3
17762 1
17763 3
17764 4
17769 1
17771 4
17772 2
17778 1
17783 419
17786 3
17790 1
17791 2
17794 8
17796 2
17797 6
17798 5
17800 7
17803 7
17815 4
17817 1
17818 4
17819 5
17820 3
17821 2
17822 1
17823 1
17836 2
17842 1
17843 1
17844 1
17848 1
17849 4
17852 1
17853 1
17855 3
17859 1
17862 3
17867 222
17870 1
17872 3
17874 4
17877 5
17879 9
17881 2
17883 447
17884 1
17885 1
17886 6
17887 5
17892 3
17894 4
17896 1
17902 1
17905 2
17913 6
17916 2
17920 1
17925 2
17929 1
17931 3
17935 1
17940 3
17941 7
17947 1
17948 3
17949 2
17950 6
17952 1
17964 325
17970 3
17972 4
17973 2
17976 1
17978 3
17979 5
17982 1
17986 1
17988 1
17992 1
17994 4
17995 4
17996 2
18002 2
18007 8
18012 2
18014 2
18017 5
18021 3
18026 5
18028 7
18037 1
18042 1
18048 1
18051 2
18058 1
18059 569
18060 2
18065 4
18070 5
18072 2
18077 1
18085 1
18086 1
18088 4
18089 1
18091 1
18094 1
18095 1
18097 1
18098 1
18099 4
18100 46
18101 3
18102 1
18104 5
18105 1
18107 2
18108 1
18109 1
18111 4
18115 4
18116 1
18121 1
18124 2
18125 3
18132 3
18133 1
18134 3
18135 5
18136 1
18137 1
18139 1
18144 6
18147 1
18151 3
18158 1
18163 2
18165 3
18167 4
18169 2
18170 1
18176 449
18178 2
18181 2
18182 1
18183 2
18185 1
18186 2
18195 3
18201 2
18210 217
18211 1
18218 8
18220 6
18221 4
18224 1
18228 1
18232 2
18236 3
18239 4
18241 4
18243 1
18244 2
18246 2
18250 3
18251 2
18252 1
18256 4
18259 4
18260 4
18261 3
18262 3
18266 5
18267 1
18269 2
18271 1
18273 3
18277 2
18282 2
18284 3
18286 8
18293 1
18294 3
18296 3
18298 1
18302 3
18303 2
18308 1
18314 2
18324 2
18334 3
18344 5
18348 3
18352 3
18353 2
18355 1
18358 158
18359 2
18361 6
18363 5
18371 1
18372 1
18374 2
18375 6
18383 4
18384 2
18386 98
18388 1
18392 1
18398 1
18406 5
18416 4
18419 5
18433 6
18435 2
18440 2
18447 6
18448 4
18451 1
18455 6
18457 3
18461 3
18465 4
18469 5
18472 1
18477 2
18480 2
18486 1
18494 4
18497 2
18499 5
18504 4
18509 1
18510 1
18511 4
18512 2
18513 1
18517 1
18521 1
18523 1
18525 1
18531 3
18532 2
18534 2
18536 1
18538 2
18541 1
18543 2
18546 1
18547 3
18550 404
18554 4
18558 521
18560 1
18562 1
18569 3
18572 2
18573 183
18574 3
18575 1
18582 2
18587 3
18588 2
18591 1
18593 5
18596 4
18597 5
18602 3
18603 6
18606 2
18609 1
18612 1
18613 1
18614 3
18617 4
18618 1
18621 3
18623 1
18625 2
18626 1
18629 1
18634 2
18643 1
18645 5
18651 6
18652 3
18656 6
18663 1
18668 2
18670 2
18674 3
18677 2
18678 295
18686 3
18689 1
18695 2
18699 1
18701 1
18706 1
18709 2
18713 1
18714 1
18719 5
18723 2
18725 3
18728 1
18733 2
18735 2
18736 4
18745 3
18747 2
18748 1
18749 1
18750 2
18753 5
18756 1
18763 2
18764 6
18773 4
18775 2
18780 2
18782 1
18786 1
18787 5
18789 1
18791 2
18800 479
18802 1
18806 2
18808 2
18812 258
18813 1
18816 6
18818 2
18819 4
18820 1
18821 1
18823 2
18831 133
18834 3
18835 1
18838 1
18839 3
18842 2
18848 1
18851 7
18854 3
18862 4
18864 2
18867 3
18869 1
18875 3
18876 7
18877 2
18878 1
18883 7
18884 3
18887 2
18889 6
18890 6
18891 1
18892 2
18893 4
18894 2
18898 1
18905 349
18911 1
18916 5
18919 4
18920 1
18924 3
18926 4
18933 1
18939 2
18942 1
18943 3
18946 1
18948 1
18953 4
18955 3
18957 3
18959 4
18960 5
18962 2
18964 2
18966 2
18976 4
18978 3
18985 1
18992 3
18994 2
18995 1
18997 1
18999 1
19000 3
19002 1
19003 2
19006 1
19007 1
19010 3
19013 2
19022 1
19026 4
19027 2
19028 1
19030 2
19036 273
19039 3
19041 3
19043 1
19046 1
19068 1
19069 99
19072 1
19073 3
19079 1
19081 1
19088 1
19089 1
19093 1
19094 4
19098 5
19100 1
19102 5
19106 3
19108 2
19109 1
19111 3
19113 2
19114 2
19119 4
19120 6
19121 1
19123 1
19125 1
19128 1
19130 3
19131 7
19132 3
19136 4
19137 1
19142 6
19145 1
19150 1
19151 5
19152 4
19164 3
19168 1
19169 1
19170 1
19175 1
19181 1
19189 1
19193 5
19195 3
19197 7
19198 3
19203 3
19204 1
19210 6
19214 1
19215 4
19218 1
19223 5
19226 1
19230 2
19231 4
19232 1
19237 3
19242 1
19243 2
19245 3
19253 1
19254 1
19255 2
19258 482
19262 1
19263 4
19266 6
19268 1
19274 130
19275 1
19278 2
19280 1
19282 2
19284 1
19288 310
19289 1
19290 4
19295 1
19296 1
19297 1
19300 4
19301 2
19304 3
19306 1
19307 4
19311 1
19313 2
19314 2
19318 3
19320 4
19330 1
19336 4
19338 1
19339 217
19342 1
19343 4
19344 1
19346 5
19350 1
19352 3
19356 5
19358 3
19360 1
19364 3
19366 1
19368 2
19369 4
19370 1
19374 2
19377 2
19381 2
19382 5
19384 2
19386 5
19393 1
19394 1
19396 2
19406 3
19408 547
19414 1
19419 3
19423 3
19424 2
19428 2
19438 7
19441 2
19442 5
19443 3
19445 1
19446 1
19447 1
19448 2
19449 3
19451 1
19453 2
19456 3
19459 626
19460 6
19462 3
19465 351
19466 2
19467 3
19469 2
19475 3
19480 6
19481 2
19482 1
19483 2
19494 416
19496 4
19500 1
19502 6
19504 4
19509 3
19510 4
19515 3
19519 2
19524 4
19529 3
19531 3
19533 1
19539 2
19540 1
19545 3
19547 4
19549 3
19557 1
19558 5
19559 1
19560 3
19561 4
19562 2
19564 4
19568 1
19571 2
19572 1
19579 2
19581 3
19584 603
19586 2
19589 11
19597 3
19598 1
19599 7
19600 1
19604 4
19609 2
19611 1
19612 1
19615 1
19617 5
19619 4
19621 1
19623 1
19628 4
19629 7
19630 8
19634 2
19635 6
19636 3
19640 3
19643 1
19644 1
19647 2
19651 3
19654 3
19658 68
19660 1
19664 4
19667 336
19673 3
19676 3
19679 1
19682 1
19689 2
19691 1
19692 1
19693 1
19696 2
19699 4
19703 3
19706 1
19707 3
19708 5
19717 1
19719 2
19727 3
19734 2
19735 6
19741 3
19744 1
19745 3
19749 4
19757 4
19761 4
19765 2
19766 4
19767 1
19768 2
19769 3
19771 1
19774 1
19778 2
19779 2
19781 1
19782 3
19784 63
19785 2
19789 1
19791 3
19794 1
19799 1
19802 2
19804 1
19805 2
19806 3
19810 2
19812 245
19816 1
19817 5
19818 2
19830 4
19834 4
19835 1
19836 7
19839 1
19840 139
19845 1
19847 7
19851 2
19859 1
19862 2
19866 1
19870 1
19872 5
19876 5
19878 2
19880 2
19881 2
19882 421
19885 6
19887 1
19889 4
19894 1
19897 1
19899 4
19903 1
19909 4
19911 5
19913 3
19917 4
19923 3
19933 2
19938 2
19941 2
19945 2
19948 1
19953 54
19957 3
19960 2
19966 1
19967 5
19969 4
19970 1
19971 2
19972 4
19976 1
19978 578
19980 3
19982 3
19984 3
19990 529
19992 3
19996 1
19997 5
19999 3
20000 1
20003 1
20006 629
20008 1
20009 1
20020 2
20022 2
20023 1
20028 2
20029 6
20032 5
20040 5
20041 6
20044 7
20047 6
20051 1
20054 3
20059 1
20062 4
20063 8
20066 1
20068 5
20071 3
20072 1
20073 5
20076 1
20081 3
20083 4
20085 6
20086 3
20096 6
20098 4
20099 1
20102 4
20103 2
20104 4
20106 2
20108 1
20112 2
20114 1
20115 1
20117 1
20118 2
20123 3
20126 1
20127 3
20128 259
20131 2
20134 3
20136 1
20139 1
20140 1
20141 2
20142 2
20144 2
20145 4
20151 1
20153 3
20157 1
20162 5
20164 2
20169 1
20170 2
20178 1
20180 3
20182 2
20188 1
20190 5
20191 3
20192 1
20193 1
20196 2
20198 1
20199 2
20204 1
20210 3
20212 5
20216 6
20228 2
20230 5
20231 1
20234 2
20236 3
20240 1
20242 1
20249 2
20253 3
20257 5
20263 1
20268 4
20273 2
20276 4
20277 2
20279 2
20280 1
20288 4
20289 1
20290 1
20294 3
20297 4
20298 1
20299 2
20300 1
20303 3
20305 4
20309 466
20315 3
20318 4
20319 4
20321 4
20323 1
20328 8
20329 2
20335 4
20336 2
20337 5
20339 3
20341 2
20344 2
20352 4
20353 4
20360 2
20361 3
20367 4
20369 194
20373 3
20374 1
20377 3
20378 6
20379 3
20381 4
20391 4
20397 3
20405 1
20407 1
20408 3
20415 2
20418 4
20423 2
20424 1
20425 2
20433 5
20438 3
20443 3
20448 1
20452 1
20455 1
20457 1
20458 2
20461 1
20463 3
20467 6
20469 1
20471 1
20483 1
20486 3
20493 1
20508 5
20510 5
20513 4
20516 5
20520 6
20523 1
20524 3
20530 1
20531 5
20535 7
20539 7
20540 3
20546 5
20553 1
20554 3
20555 1
20558 4
20560 2
20566 4
20570 2
20571 1
20572 4
20576 1
20577 1
20584 4
20585 195
20587 2
20589 2
20592 1
20593 2
20598 2
20599 2
20600 4
20601 1
20605 1
20606 3
20609 4
20613 5
20616 6
20625 4
20626 3
20629 6
20637 2
20639 6
20648 677
20653 1
20655 375
20656 1
20659 2
20662 188
20664 3
20665 1
20669 1
20672 1
20674 1
20675 4
20677 1
20678 3
20679 1
20683 2
20689 6
20690 4
20691 1
20700 4
20701 100
20704 1
20705 5
20713 3
20714 1
20715 6
20716 1
20718 1
20719 5
20721 2
20723 3
20724 1
20726 1
20729 2
20730 2
20731 4
20732 3
20744 364
20745 5
20747 4
20748 1
20749 4
20750 2
20754 1
20755 206
20761 1
20764 1
20765 2
20770 1
20773 13
20774 1
20777 1
20778 4
20782 3
20790 2
20792 2
20796 2
20797 2
20798 3
20801 4
20802 7
20803 3
20809 2
20811 3
20814 5
20816 3
20818 1
20824 5
20828 5
20831 6
20832 6
20835 1
20838 2
20840 3
20841 2
20843 2
20844 7
20845 3
20847 3
20849 2
20852 1
20853 7
20856 3
20858 1
20860 1
20865 2
20866 2
20869 2
20872 1
20878 2
20882 8
20884 2
20885 1
20887 1
20889 7
20890 3
20892 4
20894 378
20898 1
20903 2
20906 1
20909 2
20912 1
20917 2
20918 2
20919 2
20920 1
20923 1
20925 5
20931 3
20932 1
20935 2
20942 2
20944 4
20945 6
20949 1
20955 3
20956 1
20958 6
20959 6
20960 2
20962 1
20963 1
20971 1
20973 3
20974 1
20975 2
20981 4
20983 1
20985 2
20986 4
20987 2
20991 1
20993 1
20995 1
20999 1
21003 6
21006 2
21008 1
21012 6
21016 3
21018 3
21019 1
21020 5
21023 1
21026 3
21027 7
21035 1
21037 4
21040 1
21042 2
21043 2
21046 1
21048 61
21050 1
21054 404
21055 4
21056 6
21058 5
21060 5
21067 2
21073 2
21075 2
21081 3
21082 1
21083 5
21086 3
21088 1
21090 1
21091 3
21096 1
21098 110
21100 1
21101 1
21107 6
21109 1
21112 1
21117 3
21122 5
21124 1
21128 2
21135 4
21136 1
21139 1
21144 1
21145 2
21147 1
21158 1
21161 1
21162 3
21170 7
21171 2
21173 647
21180 1
21185 3
21187 3
21188 4
21196 4
21197 1
21201 2
21204 1
21208 3
21212 2
21214 4
21217 1
21222 1
21224 1
21226 1
21228 1
21229 4
21231 2
21235 3
21237 1
21240 2
21244 1
21245 2
21247 3
21259 1
21263 4
21265 655
21266 2
21267 3
21270 5
21271 2
21274 2
21276 1
21286 1
21288 5
21296 6
21297 1
21301 5
21303 1
21304 3
21309 4
21314 2
21316 4
21318 1
21322 2
21325 4
21331 3
21334 1
21336 3
21338 1
21340 1
21341 1
21346 2
21348 1
21353 2
21354 8
21360 2
21363 8
21364 1
21368 5
21375 1
21381 2
21382 4
21392 1
21393 2
21395 2
21398 1
21400 2
21408 4
21410 1
21413 2
21414 25
21416 6
21419 5
21421 1
21422 1
21426 4
21437 4
21439 2
21442 3
21445 1
21447 2
21448 1
21449 5
21452 5
21453 7
21460 4
21462 5
21464 5
21465 2
21474 2
21478 1
21480 227
21484 2
21497 2
21498 1
21499 3
21500 2
21502 2
21503 2
21504 6
21506 2
21508 8
21515 2
21520 314
21526 2
21527 2
21528 1
21532 4
21534 4
21536 8
21541 4
21542 3
21546 1
21551 4
21554 2
21559 1
21568 1
21572 4
21573 2
21577 436
21578 1
21582 3
21591 1
21592 1
21605 3
21607 5
21613 1
21625 2
21627 2
21638 1
21640 3
21645 2
21648 3
21649 1
21650 1
21651 3
21655 3
21659 1
21662 1
21663 3
21665 7
21667 1
21669 3
21672 1
21673 3
21675 2
21679 4
21685 1
21686 3
21689 1
21692 2
21695 2
21696 1
21701 4
21703 1
21706 2
21709 2
21710 2
21711 2
21713 4
21714 1
21719 4
21721 2
21723 2
21724 1
21728 1
21730 1
21731 2
21743 2
21749 3
21750 2
21752 3
21755 5
21757 2
21758 1
21759 4
21762 1
21765 1
21769 4
21772 1
21773 2
21780 433
21784 5
21786 3
21789 3
21790 4
21797 4
21800 7
21802 410
21808 4
21809 2
21810 3
21813 2
21817 1
21819 9
21820 1
21821 1
21829 1
21834 3
21835 1
21836 1
21838 5
21840 6
21841 2
21845 2
21848 2
21849 3
21851 1
21854 3
21855 6
21857 5
21860 3
21861 1
21862 1
21863 4
21864 4
21866 1
21867 2
21868 7
21869 2
21870 2
21875 1
21877 6
21889 1
21890 1
21892 93
21893 2
21894 1
21899 3
21902 3
21903 1
21905 5
21908 5
21909 2
21910 2
21912 1
21915 2
21918 2
21922 4
21926 3
21930 2
21935 1
21936 4
21938 37
21944 3
21948 1
21950 2
21951 1
21952 1
21953 3
21954 5
21959 1
21960 1
21962 7
21965 3
21968 1
21976 6
21978 1
21985 2
21986 5
21988 1
21995 2
21996 1
21999 6
22000 6
22002 4
22004 5
22010 4
22013 2
22014 2
22018 2
22021 3
22022 6
22025 1
22027 2
22029 3
22042 3
22043 2
22046 3
22052 1
22056 5
22059 3
22061 1
22065 1
22068 1
22070 5
22078 2
22079 2
22084 4
22088 2
22093 329
22097 1
22098 9
22101 1
22102 1
22111 3
22116 1
22118 7
22131 1
22135 3
22149 546
22150 3
22151 6
22152 4
22154 2
22156 2
22162 4
22168 6
22169 6
22176 3
22180 1
22182 2
22183 5
22192 4
22195 1
22199 4
22206 1
22207 3
22209 5
22220 5
22225 1
22228 1
22229 1
22231 1
22232 2
22233 1
22242 4
22244 3
22248 1
22250 1
22251 1
22252 1
22253 4
22254 2
22255 2
22259 3
22260 3
22262 3
22264 5
22268 3
22269 1
22272 4
22273 8
22274 1
22275 2
22279 2
22281 3
22284 3
22287 1
22289 1
22297 6
22299 2
22300 321
22303 3
22306 2
22310 2
22313 3
22314 1
22317 4
22324 4
22330 2
22332 1
22336 2
22339 2
22341 2
22344 1
22346 1
22348 1
22349 1
22352 1
22354 1
22359 2
22365 1
22366 2
22371 1
22379 4
22380 4
22385 2
22387 2
22392 3
22395 1
22397 354
22400 2
22401 3
22402 3
22408 2
22410 2
22414 5
22418 2
22420 2
22421 7
22424 2
22426 5
22433 2
22436 4
22437 1
22438 5
22444 3
22446 4
22447 2
22450 2
22457 4
22464 5
22466 2
22467 1
22471 2
22474 2
22476 3
22478 8
22479 1
22481 3
22483 1
22489 3
22490 1
22500 1
22502 2
22503 4
22504 3
22512 1
22517 6
22521 1
22524 84
22525 6
22527 3
22528 3
22531 2
22535 2
22540 4
22541 1
22545 3
22552 2
22555 2
22558 2
22559 2
22564 4
22566 5
22567 3
22569 4
22570 2
22572 3
22573 2
22578 3
22579 6
22580 2
22583 3
22589 3
22591 2
22593 6
22595 3
22598 1
22600 1
22603 2
22604 3
22610 1
22615 14
22622 5
22629 1
22631 2
22634 3
22637 2
22640 3
22643 5
22644 6
22649 6
22650 4
22651 2
22652 2
22658 2
22659 2
22661 296
22663 3
22664 2
22667 8
22669 2
22670 2
22676 1
22678 1
22683 4
22685 1
22686 2
22688 2
22690 1
22693 6
22694 1
22697 3
22698 2
22699 2
22700 4
22707 3
22710 6
22711 4
22712 3
22719 594
22721 6
22722 4
22724 4
22725 1
22726 3
22728 1
22730 3
22736 268
22737 1
22740 3
22746 1
22749 8
22750 1
22751 5
22752 3
22757 133
22759 1
22762 1
22764 1
22771 2
22773 2
22776 4
22777 2
22780 8
22783 3
22784 4
22786 1
22791 3
22792 1
22799 3
22801 5
22805 1
22816 6
22817 1
22818 1
22819 4
22822 1
22823 2
22826 3
22829 1
22830 2
22832 4
22837 2
22839 3
22843 1
22847 2
22848 1
22849 6
22850 2
22855 1
22856 4
22858 5
22859 1
22861 5
22864 2
22867 2
22868 1
22869 2
22870 2
22875 4
22882 1
22883 4
22884 3
22885 6
22893 4
22898 4
22901 6
22909 2
22920 374
22928 3
22929 4
22932 5
22933 3
22936 1
22937 1
22941 3
22942 4
22945 1
22948 9
22952 5
22953 3
22957 4
22959 8
22960 5
22965 1
22967 2
22973 4
22974 2
22978 1
22979 1
22980 55
22982 2
22987 429
22988 1
22991 4
22992 112
22996 1
22997 1
22998 2
22999 118
23001 1
23011 5
23014 4
23019 1
23029 2
23030 6
23031 4
23032 1
23033 1
23038 1
23041 1
23043 2
23045 2
23048 1
23049 1
23054 2
23062 2
23063 5
23068 4
23069 5
23072 3
23075 1
23076 2
23077 1
23079 2
23085 5
23088 4
23089 2
23091 17
23098 3
23099 5
23105 76
23107 3
23110 3
23111 1
23112 3
23113 3
23120 1
23121 1
23123 2
23125 532
23126 1
23127 2
23134 3
23137 1
23140 1
23141 1
23142 5
23144 3
23147 4
23149 6
23151 1
23152 1
23156 4
23163 87
23165 4
23166 4
23167 4
23168 8
23172 3
23174 6
23175 1
23176 4
23183 1
23188 1
23189 1
23192 172
23199 3
23200 36
23202 5
23208 2
23209 2
23211 5
23212 2
23213 2
23223 3
23227 2
23228 2
23230 1
23232 2
23233 8
23237 4
23242 1
23250 3
23254 2
23256 270
23263 3
23268 5
23269 2
23270 3
23271 1
23272 3
23277 1
23278 3
23279 2
23283 5
23285 2
23288 5
23290 1
23295 2
23297 1
23301 3
23302 1
23304 1
23306 4
23307 3
23308 1
23310 2
23313 5
23322 3
23325 3
23326 4
23333 2
23336 2
23337 5
23340 1
23342 4
23359 3
23362 1
23373 9
23379 1
23383 4
23385 1
23386 1
23399 2
23405 2
23406 1
23410 1
23411 1
23412 1
23413 5
23414 1
23415 3
23422 1
23425 4
23427 5
23429 1
23431 1
23432 4
23438 1
23440 1
23444 2
23445 1
23450 3
23451 8
23453 1
23457 1
23458 5
23461 2
23464 1
23465 3
23468 605
23470 5
23472 117
23473 2
23475 6
23476 2
23477 1
23478 2
23479 2
23480 1
23481 1
23484 417
23486 2
23487 4
23488 8
23489 1
23492 3
23495 1
23502 2
23504 1
23507 1
23512 2
23514 3
23523 1
23527 2
23530 5
23531 1
23532 1
23533 1
23538 1
23541 4
23547 370
23550 1
23551 4
23553 3
23554 1
23557 3
23559 1
23560 2
23562 3
23563 1
23568 4
23573 2
23574 4
23577 6
23594 1
23604 1
23606 4
23607 4
23609 5
23611 1
23612 2
23615 4
23621 1
23622 2
23623 1
23627 1
23631 1
23633 4
23637 2
23640 2
23642 5
23652 56
23653 1
23656 1
23661 1
23663 5
23669 2
23671 2
23674 5
23677 1
23680 3
23686 1
23687 6
23688 5
23689 2
23690 2
23691 1
23692 1
23696 4
23698 3
23702 3
23703 3
23709 3
23711 2
23712 1
23713 4
23718 1
23722 6
23727 1
23728 6
23730 2
23733 2
23734 2
23740 6
23746 6
23748 1
23749 2
23750 2
23752 3
23753 1
23754 1
23755 4
23757 1
23763 1
23768 3
23770 1
23774 3
23775 3
23776 2
23783 2
23785 6
23789 1
23795 3
23797 2
23799 6
23810 1
23816 4
23821 2
23826 5
23827 4
23830 1
23832 2
23833 1
23839 1
23840 2
23842 1
23845 2
23859 3
23872 1
23880 3
23881 3
23886 5
23889 5
23891 1
23892 4
23894 2
23896 2
23901 2
23904 1
23910 2
23912 1
23916 1
23919 3
23922 3
23924 2
23926 5
23929 3
23934 1
23939 3
23940 4
23941 4
23942 2
23943 8
23951 5
23952 1
23955 3
23962 1
23966 6
23972 7
23974 1
23976 4
23979 2
23993 3
23996 1
23998 2
23999 1
24000 5
<ShowPlanXML xmlns="http://schemas.microsoft.com/sqlserver/2004/07/showplan" Version="1.564" Build="16.0.4265.3"><BatchSequence><Batch><Statements><StmtSimple StatementText="SELECT EnrollmentID, SUM(QualifyingActivityCount) AS QualifyingActivityCount FROM dbo.vWellnessActivityEnrollmentYear WITH (NOEXPAND) WHERE ActivityYear = 2025 GROUP BY EnrollmentID" StatementId="1" StatementCompId="10" StatementType="SELECT" StatementSqlHandle="0x09006B8E64309E35001CCBB71FCD2EBCBA4A0000000000000000000000000000000000000000000000000000" DatabaseContextSettingsId="6" ParentObjectId="0" StatementParameterizationType="0" RetrievedFromCache="false" StatementSubTreeCost="0.0349941" StatementEstRows="7988" SecurityPolicyApplied="false" StatementOptmLevel="TRIVIAL" QueryHash="0x7C198733D44457C8" QueryPlanHash="0xA3DDD2EFA7A3784E" CardinalityEstimationModelVersion="160"><StatementSetOptions QUOTED_IDENTIFIER="false" ARITHABORT="false" CONCAT_NULL_YIELDS_NULL="true" ANSI_NULLS="true" ANSI_PADDING="true" ANSI_WARNINGS="true" NUMERIC_ROUNDABORT="false"></StatementSetOptions><QueryPlan DegreeOfParallelism="1" CachedPlanSize="16" CompileTime="0" CompileCPU="0" CompileMemory="144"><MemoryGrantInfo SerialRequiredMemory="0" SerialDesiredMemory="0" GrantedMemory="0" MaxUsedMemory="0"></MemoryGrantInfo><OptimizerHardwareDependentProperties EstimatedAvailableMemoryGrant="64194" EstimatedPagesCached="40121" EstimatedAvailableDegreeOfParallelism="5" MaxCompileMemory="3492480"></OptimizerHardwareDependentProperties><OptimizerStatsUsage><StatisticsInfo LastUpdate="2026-07-29T00:51:01.28" ModificationCount="0" SamplingPercent="100" Statistics="[CIX_vWellnessActivityEnrollmentYear]" Table="[vWellnessActivityEnrollmentYear]" Schema="[dbo]" Database="[LifeInsuranceP3]"></StatisticsInfo></OptimizerStatsUsage><QueryTimeStats ElapsedTime="1" CpuTime="1"></QueryTimeStats><RelOp NodeId="0" PhysicalOp="Compute Scalar" LogicalOp="Compute Scalar" EstimateRows="7988" EstimateIO="0" EstimateCPU="0.0007988" AvgRowSize="19" EstimatedTotalSubtreeCost="0.0349941" Parallel="0" EstimateRebinds="0" EstimateRewinds="0" EstimatedExecutionMode="Row"><OutputList><ColumnReference Database="[LifeInsuranceP3]" Schema="[dbo]" Table="[vWellnessActivityEnrollmentYear]" Column="EnrollmentID"></ColumnReference><ColumnReference Column="Expr1002"></ColumnReference></OutputList><ComputeScalar><DefinedValues><DefinedValue><ColumnReference Column="Expr1002"></ColumnReference><ScalarOperator ScalarString="[LifeInsuranceP3].[dbo].[vWellnessActivityEnrollmentYear].[QualifyingActivityCount]"><Identifier><ColumnReference Database="[LifeInsuranceP3]" Schema="[dbo]" Table="[vWellnessActivityEnrollmentYear]" Column="QualifyingActivityCount"></ColumnReference></Identifier></ScalarOperator></DefinedValue></DefinedValues><RelOp NodeId="1" PhysicalOp="Clustered Index Seek" LogicalOp="Clustered Index Seek" EstimateRows="7988" EstimatedRowsRead="7988" EstimateIO="0.0252515" EstimateCPU="0.0089438" AvgRowSize="19" EstimatedTotalSubtreeCost="0.0341953" TableCardinality="32862" Parallel="0" EstimateRebinds="0" EstimateRewinds="0" EstimatedExecutionMode="Row"><OutputList><ColumnReference Database="[LifeInsuranceP3]" Schema="[dbo]" Table="[vWellnessActivityEnrollmentYear]" Column="EnrollmentID"></ColumnReference><ColumnReference Database="[LifeInsuranceP3]" Schema="[dbo]" Table="[vWellnessActivityEnrollmentYear]" Column="QualifyingActivityCount"></ColumnReference></OutputList><RunTimeInformation><RunTimeCountersPerThread Thread="0" ActualRows="7988" Batches="0" ActualElapsedms="0" ActualCPUms="0" ActualScans="1" ActualLogicalReads="34" ActualPhysicalReads="0" ActualReadAheads="0" ActualLobLogicalReads="0" ActualLobPhysicalReads="0" ActualLobReadAheads="0" ActualRowsRead="7988" ActualEndOfScans="1" ActualExecutions="1" ActualExecutionMode="Row"></RunTimeCountersPerThread></RunTimeInformation><IndexScan Ordered="1" ScanDirection="FORWARD" ForcedIndex="0" ForceSeek="0" ForceScan="0" NoExpandHint="1" Storage="RowStore"><DefinedValues><DefinedValue><ColumnReference Database="[LifeInsuranceP3]" Schema="[dbo]" Table="[vWellnessActivityEnrollmentYear]" Column="EnrollmentID"></ColumnReference></DefinedValue><DefinedValue><ColumnReference Database="[LifeInsuranceP3]" Schema="[dbo]" Table="[vWellnessActivityEnrollmentYear]" Column="QualifyingActivityCount"></ColumnReference></DefinedValue></DefinedValues><Object Database="[LifeInsuranceP3]" Schema="[dbo]" Table="[vWellnessActivityEnrollmentYear]" Index="[CIX_vWellnessActivityEnrollmentYear]" IndexKind="ViewClustered" Storage="RowStore"></Object><SeekPredicates><SeekPredicateNew><SeekKeys><Prefix ScanType="EQ"><RangeColumns><ColumnReference Database="[LifeInsuranceP3]" Schema="[dbo]" Table="[vWellnessActivityEnrollmentYear]" Column="ActivityYear"></ColumnReference></RangeColumns><RangeExpressions><ScalarOperator ScalarString="(2025)"><Const ConstValue="(2025)"></Const></ScalarOperator></RangeExpressions></Prefix></SeekKeys></SeekPredicateNew></SeekPredicates></IndexScan></RelOp></ComputeScalar></RelOp></QueryPlan></StmtSimple></Statements></Batch></BatchSequence></ShowPlanXML>
